Archive member included to satisfy reference by file (symbol)

/home/scallozzo/.platformio/packages/toolchain-gccarmnoneeabi@1.70201.0/bin/../lib/gcc/arm-none-eabi/7.2.1/../../../../arm-none-eabi/lib/thumb/v7-m/libc.a(lib_a-exit.o)
                              /home/scallozzo/.platformio/packages/toolchain-gccarmnoneeabi@1.70201.0/bin/../lib/gcc/arm-none-eabi/7.2.1/../../../../arm-none-eabi/lib/thumb/v7-m/crt0.o (exit)
/home/scallozzo/.platformio/packages/toolchain-gccarmnoneeabi@1.70201.0/bin/../lib/gcc/arm-none-eabi/7.2.1/../../../../arm-none-eabi/lib/thumb/v7-m/libc.a(lib_a-impure.o)
                              /home/scallozzo/.platformio/packages/toolchain-gccarmnoneeabi@1.70201.0/bin/../lib/gcc/arm-none-eabi/7.2.1/../../../../arm-none-eabi/lib/thumb/v7-m/libc.a(lib_a-exit.o) (_global_impure_ptr)
/home/scallozzo/.platformio/packages/toolchain-gccarmnoneeabi@1.70201.0/bin/../lib/gcc/arm-none-eabi/7.2.1/../../../../arm-none-eabi/lib/thumb/v7-m/libc.a(lib_a-init.o)
                              /home/scallozzo/.platformio/packages/toolchain-gccarmnoneeabi@1.70201.0/bin/../lib/gcc/arm-none-eabi/7.2.1/../../../../arm-none-eabi/lib/thumb/v7-m/crt0.o (__libc_init_array)
/home/scallozzo/.platformio/packages/toolchain-gccarmnoneeabi@1.70201.0/bin/../lib/gcc/arm-none-eabi/7.2.1/../../../../arm-none-eabi/lib/thumb/v7-m/libc.a(lib_a-memset.o)
                              /home/scallozzo/.platformio/packages/toolchain-gccarmnoneeabi@1.70201.0/bin/../lib/gcc/arm-none-eabi/7.2.1/../../../../arm-none-eabi/lib/thumb/v7-m/crt0.o (memset)
/home/scallozzo/.platformio/packages/toolchain-gccarmnoneeabi@1.70201.0/bin/../lib/gcc/arm-none-eabi/7.2.1/../../../../arm-none-eabi/lib/thumb/v7-m/libc.a(lib_a-__call_atexit.o)
                              /home/scallozzo/.platformio/packages/toolchain-gccarmnoneeabi@1.70201.0/bin/../lib/gcc/arm-none-eabi/7.2.1/../../../../arm-none-eabi/lib/thumb/v7-m/libc.a(lib_a-exit.o) (__call_exitprocs)
/home/scallozzo/.platformio/packages/toolchain-gccarmnoneeabi@1.70201.0/bin/../lib/gcc/arm-none-eabi/7.2.1/../../../../arm-none-eabi/lib/thumb/v7-m/libc.a(lib_a-atexit.o)
                              /home/scallozzo/.platformio/packages/toolchain-gccarmnoneeabi@1.70201.0/bin/../lib/gcc/arm-none-eabi/7.2.1/../../../../arm-none-eabi/lib/thumb/v7-m/libc.a(lib_a-__call_atexit.o) (atexit)
/home/scallozzo/.platformio/packages/toolchain-gccarmnoneeabi@1.70201.0/bin/../lib/gcc/arm-none-eabi/7.2.1/../../../../arm-none-eabi/lib/thumb/v7-m/libc.a(lib_a-fini.o)
                              /home/scallozzo/.platformio/packages/toolchain-gccarmnoneeabi@1.70201.0/bin/../lib/gcc/arm-none-eabi/7.2.1/../../../../arm-none-eabi/lib/thumb/v7-m/libc.a(lib_a-__call_atexit.o) (__libc_fini_array)
/home/scallozzo/.platformio/packages/toolchain-gccarmnoneeabi@1.70201.0/bin/../lib/gcc/arm-none-eabi/7.2.1/../../../../arm-none-eabi/lib/thumb/v7-m/libc.a(lib_a-lock.o)
                              /home/scallozzo/.platformio/packages/toolchain-gccarmnoneeabi@1.70201.0/bin/../lib/gcc/arm-none-eabi/7.2.1/../../../../arm-none-eabi/lib/thumb/v7-m/libc.a(lib_a-__call_atexit.o) (__retarget_lock_acquire_recursive)
/home/scallozzo/.platformio/packages/toolchain-gccarmnoneeabi@1.70201.0/bin/../lib/gcc/arm-none-eabi/7.2.1/../../../../arm-none-eabi/lib/thumb/v7-m/libc.a(lib_a-__atexit.o)
                              /home/scallozzo/.platformio/packages/toolchain-gccarmnoneeabi@1.70201.0/bin/../lib/gcc/arm-none-eabi/7.2.1/../../../../arm-none-eabi/lib/thumb/v7-m/libc.a(lib_a-atexit.o) (__register_exitproc)
/home/scallozzo/.platformio/packages/toolchain-gccarmnoneeabi@1.70201.0/bin/../lib/gcc/arm-none-eabi/7.2.1/../../../../arm-none-eabi/lib/thumb/v7-m/libc_nano.a(lib_a-atoi.o)
                              .pio/build/bluepill_f103c8/src/srvcom.o (atoi)
/home/scallozzo/.platformio/packages/toolchain-gccarmnoneeabi@1.70201.0/bin/../lib/gcc/arm-none-eabi/7.2.1/../../../../arm-none-eabi/lib/thumb/v7-m/libc_nano.a(lib_a-locale.o)
                              .pio/build/bluepill_f103c8/src/srvcom.o (__locale_ctype_ptr)
/home/scallozzo/.platformio/packages/toolchain-gccarmnoneeabi@1.70201.0/bin/../lib/gcc/arm-none-eabi/7.2.1/../../../../arm-none-eabi/lib/thumb/v7-m/libc_nano.a(lib_a-mbtowc_r.o)
                              /home/scallozzo/.platformio/packages/toolchain-gccarmnoneeabi@1.70201.0/bin/../lib/gcc/arm-none-eabi/7.2.1/../../../../arm-none-eabi/lib/thumb/v7-m/libc_nano.a(lib_a-locale.o) (__ascii_mbtowc)
/home/scallozzo/.platformio/packages/toolchain-gccarmnoneeabi@1.70201.0/bin/../lib/gcc/arm-none-eabi/7.2.1/../../../../arm-none-eabi/lib/thumb/v7-m/libc_nano.a(lib_a-memcmp.o)
                              .pio/build/bluepill_f103c8/src/_24c256.o (memcmp)
/home/scallozzo/.platformio/packages/toolchain-gccarmnoneeabi@1.70201.0/bin/../lib/gcc/arm-none-eabi/7.2.1/../../../../arm-none-eabi/lib/thumb/v7-m/libc_nano.a(lib_a-memcpy-stub.o)
                              .pio/build/bluepill_f103c8/src/srvcom.o (memcpy)
[...]
Memory Configuration

Name             Origin             Length             Attributes
RAM              0x0000000020000000 0x0000000000005000 xrw
FLASH            0x0000000008000000 0x0000000000010000 xr
*default*        0x0000000000000000 0xffffffffffffffff

Linker script and memory map

LOAD /home/scallozzo/.platformio/packages/toolchain-gccarmnoneeabi@1.70201.0/bin/../lib/gcc/arm-none-eabi/7.2.1/thumb/v7-m/crti.o
LOAD /home/scallozzo/.platformio/packages/toolchain-gccarmnoneeabi@1.70201.0/bin/../lib/gcc/arm-none-eabi/7.2.1/thumb/v7-m/crtbegin.o
LOAD /home/scallozzo/.platformio/packages/toolchain-gccarmnoneeabi@1.70201.0/bin/../lib/gcc/arm-none-eabi/7.2.1/../../../../arm-none-eabi/lib/thumb/v7-m/crt0.o
                0x0000000020005000                _estack = (ORIGIN (RAM) + LENGTH (RAM))
                0x0000000000000200                _Min_Heap_Size = 0x200
                0x0000000000000400                _Min_Stack_Size = 0x400

.fw_header      0x0000000008000000      0x200
                0x0000000008000000                . = ALIGN (0x4)
 *(.fw_header)
 .fw_header     0x0000000008000000      0x200 .pio/build/bluepill_f103c8/src/fw_version.o
                0x0000000008000000                fw_ver_id
                0x0000000008000200                . = ALIGN (0x4)
                0x0000000008000200                . = (ORIGIN (FLASH) + 0x200)

.isr_vector     0x0000000008000200      0x10c
                0x0000000008000200                . = ALIGN (0x4)
 *(.isr_vector)
 .isr_vector    0x0000000008000200      0x10c .pio/build/bluepill_f103c8/FrameworkCMSIS/gcc/startup_stm32f103xb.o
                0x0000000008000200                g_pfnVectors
                0x000000000800030c                . = ALIGN (0x4)

.text           0x000000000800030c     0x40a4
                0x000000000800030c                . = ALIGN (0x4)
 *(.text)
 .text          0x000000000800030c       0x40 /home/scallozzo/.platformio/packages/toolchain-gccarmnoneeabi@1.70201.0/bin/../lib/gcc/arm-none-eabi/7.2.1/thumb/v7-m/crtbegin.o
 .text          0x000000000800034c       0x10 /home/scallozzo/.platformio/packages/toolchain-gccarmnoneeabi@1.70201.0/bin/../lib/gcc/arm-none-eabi/7.2.1/../../../../arm-none-eabi/lib/thumb/v7-m/libc_nano.a(lib_a-strlen.o)
                0x000000000800034c                strlen
 *(.text*)
 .text.__libc_init_array
                0x000000000800035c       0x48 /home/scallozzo/.platformio/packages/toolchain-gccarmnoneeabi@1.70201.0/bin/../lib/gcc/arm-none-eabi/7.2.1/../../../../arm-none-eabi/lib/thumb/v7-m/libc.a(lib_a-init.o)
                0x000000000800035c                __libc_init_array
 .text.memset   0x00000000080003a4       0x94 /home/scallozzo/.platformio/packages/toolchain-gccarmnoneeabi@1.70201.0/bin/../lib/gcc/arm-none-eabi/7.2.1/../../../../arm-none-eabi/lib/thumb/v7-m/libc.a(lib_a-memset.o)
                0x00000000080003a4                memset
 .text.startup.register_fini
                0x0000000008000438       0x14 /home/scallozzo/.platformio/packages/toolchain-gccarmnoneeabi@1.70201.0/bin/../lib/gcc/arm-none-eabi/7.2.1/../../../../arm-none-eabi/lib/thumb/v7-m/libc.a(lib_a-__call_atexit.o)
 .text.atexit   0x000000000800044c        0xc /home/scallozzo/.platformio/packages/toolchain-gccarmnoneeabi@1.70201.0/bin/../lib/gcc/arm-none-eabi/7.2.1/../../../../arm-none-eabi/lib/thumb/v7-m/libc.a(lib_a-atexit.o)
                0x000000000800044c                atexit
 .text.__libc_fini_array
                0x0000000008000458       0x34 /home/scallozzo/.platformio/packages/toolchain-gccarmnoneeabi@1.70201.0/bin/../lib/gcc/arm-none-eabi/7.2.1/../../../../arm-none-eabi/lib/thumb/v7-m/libc.a(lib_a-fini.o)
                0x0000000008000458                __libc_fini_array
 .text.__retarget_lock_acquire_recursive
                0x000000000800048c        0x4 /home/scallozzo/.platformio/packages/toolchain-gccarmnoneeabi@1.70201.0/bin/../lib/gcc/arm-none-eabi/7.2.1/../../../../arm-none-eabi/lib/thumb/v7-m/libc.a(lib_a-lock.o)
                0x000000000800048c                __retarget_lock_acquire_recursive
 .text.__retarget_lock_release_recursive
                0x0000000008000490        0x4 /home/scallozzo/.platformio/packages/toolchain-gccarmnoneeabi@1.70201.0/bin/../lib/gcc/arm-none-eabi/7.2.1/../../../../arm-none-eabi/lib/thumb/v7-m/libc.a(lib_a-lock.o)
                0x0000000008000490                __retarget_lock_release_recursive
 .text.__register_exitproc
                0x0000000008000494       0xc0 /home/scallozzo/.platformio/packages/toolchain-gccarmnoneeabi@1.70201.0/bin/../lib/gcc/arm-none-eabi/7.2.1/../../../../arm-none-eabi/lib/thumb/v7-m/libc.a(lib_a-__atexit.o)
                0x0000000008000494                __register_exitproc
 .text.Reset_Handler
                0x0000000008000554       0x48 .pio/build/bluepill_f103c8/FrameworkCMSIS/gcc/startup_stm32f103xb.o
                0x0000000008000554                Reset_Handler
 .text.Default_Handler
                0x000000000800059c        0x2 .pio/build/bluepill_f103c8/FrameworkCMSIS/gcc/startup_stm32f103xb.o
                0x000000000800059c                RTC_Alarm_IRQHandler
                0x000000000800059c                EXTI2_IRQHandler
                0x000000000800059c                DebugMon_Handler
                0x000000000800059c                TIM1_CC_IRQHandler
                0x000000000800059c                HardFault_Handler
                0x000000000800059c                PVD_IRQHandler
                0x000000000800059c                PendSV_Handler
                0x000000000800059c                NMI_Handler
                0x000000000800059c                EXTI3_IRQHandler
                0x000000000800059c                EXTI0_IRQHandler
                0x000000000800059c                I2C2_EV_IRQHandler
                0x000000000800059c                UsageFault_Handler
                0x000000000800059c                ADC1_2_IRQHandler
                0x000000000800059c                SPI1_IRQHandler
                0x000000000800059c                TAMPER_IRQHandler
                0x000000000800059c                DMA1_Channel4_IRQHandler
                0x000000000800059c                USART3_IRQHandler
                0x000000000800059c                RTC_IRQHandler
                0x000000000800059c                DMA1_Channel7_IRQHandler
                0x000000000800059c                CAN1_RX1_IRQHandler
                0x000000000800059c                TIM4_IRQHandler
                0x000000000800059c                I2C1_EV_IRQHandler
                0x000000000800059c                DMA1_Channel6_IRQHandler
                0x000000000800059c                TIM3_IRQHandler
                0x000000000800059c                RCC_IRQHandler
                0x000000000800059c                TIM1_TRG_COM_IRQHandler
                0x000000000800059c                DMA1_Channel1_IRQHandler
                0x000000000800059c                Default_Handler
                0x000000000800059c                EXTI15_10_IRQHandler
                0x000000000800059c                EXTI9_5_IRQHandler
                0x000000000800059c                SPI2_IRQHandler
                0x000000000800059c                MemManage_Handler
                0x000000000800059c                SVC_Handler
                0x000000000800059c                DMA1_Channel5_IRQHandler
                0x000000000800059c                EXTI4_IRQHandler
                0x000000000800059c                USB_LP_CAN1_RX0_IRQHandler
                0x000000000800059c                USB_HP_CAN1_TX_IRQHandler
                0x000000000800059c                DMA1_Channel3_IRQHandler
                0x000000000800059c                TIM1_UP_IRQHandler
                0x000000000800059c                WWDG_IRQHandler
                0x000000000800059c                TIM1_BRK_IRQHandler
                0x000000000800059c                EXTI1_IRQHandler
                0x000000000800059c                I2C2_ER_IRQHandler
                0x000000000800059c                DMA1_Channel2_IRQHandler
                0x000000000800059c                CAN1_SCE_IRQHandler
                0x000000000800059c                FLASH_IRQHandler
                0x000000000800059c                BusFault_Handler
                0x000000000800059c                I2C1_ER_IRQHandler
                0x000000000800059c                USBWakeUp_IRQHandler
 *fill*         0x000000000800059e        0x2 
 .text.SystemInit
                0x00000000080005a0       0x10 .pio/build/bluepill_f103c8/FrameworkCMSIS/system_stm32f1xx.o
                0x00000000080005a0                SystemInit
 .text._eeram_read
                0x00000000080005b0        0xe .pio/build/bluepill_f103c8/src/_47l16.o
                0x00000000080005b0                _eeram_read
 *fill*         0x00000000080005be        0x2 
 .text.EERAM_EnableAutoStore
                0x00000000080005c0       0x64 .pio/build/bluepill_f103c8/src/_47l16.o
                0x00000000080005c0                EERAM_EnableAutoStore
 .text.EERAM_ReadStatus
                0x0000000008000624       0x26 .pio/build/bluepill_f103c8/src/_47l16.o
                0x0000000008000624                EERAM_ReadStatus
 *fill*         0x000000000800064a        0x2 
 .text.ProcLCD.part.0
                0x000000000800064c       0xec .pio/build/bluepill_f103c8/src/_ltproto.o
 .text._InitLTProtocol
                0x0000000008000738       0x3c .pio/build/bluepill_f103c8/src/_ltproto.o
                0x0000000008000738                _InitLTProtocol
 .text._ProcRxLT
                0x0000000008000774      0x1a4 .pio/build/bluepill_f103c8/src/_ltproto.o
                0x0000000008000774                _ProcRxLT
 .text._ProcLTProto
                0x0000000008000918      0x17c .pio/build/bluepill_f103c8/src/_ltproto.o
                0x0000000008000918                _ProcLTProto
 .text._ProcLTSlv
                0x0000000008000a94      0x3c4 .pio/build/bluepill_f103c8/src/_ltproto.o
                0x0000000008000a94                _ProcLTSlv
 .text.SH1106_sendCommand
                0x0000000008000e58       0x28 .pio/build/bluepill_f103c8/src/_sh1106.o
 .text._SelLCD1
                0x0000000008000e80        0xc .pio/build/bluepill_f103c8/src/_sh1106.o
                0x0000000008000e80                _SelLCD1
 .text._SelLCD2
                0x0000000008000e8c        0xc .pio/build/bluepill_f103c8/src/_sh1106.o
                0x0000000008000e8c                _SelLCD2
 .text.SH1106_SendData
                0x0000000008000e98       0x28 .pio/build/bluepill_f103c8/src/_sh1106.o
                0x0000000008000e98                SH1106_SendData
 .text.SH1106_clear
                0x0000000008000ec0       0x4c .pio/build/bluepill_f103c8/src/_sh1106.o
                0x0000000008000ec0                SH1106_clear
 .text.SH1106_init
                0x0000000008000f0c       0xb0 .pio/build/bluepill_f103c8/src/_sh1106.o
                0x0000000008000f0c                SH1106_init
 .text.SH1106_drawChar
                0x0000000008000fbc       0x6c .pio/build/bluepill_f103c8/src/_sh1106.o
                0x0000000008000fbc                SH1106_drawChar
 .text.SH1106_print
                0x0000000008001028       0x20 .pio/build/bluepill_f103c8/src/_sh1106.o
                0x0000000008001028                SH1106_print
 .text.SH1106_drawChar8x8
                0x0000000008001048       0x68 .pio/build/bluepill_f103c8/src/_sh1106.o
                0x0000000008001048                SH1106_drawChar8x8
 .text.SH1106_print8x8
                0x00000000080010b0       0x20 .pio/build/bluepill_f103c8/src/_sh1106.o
                0x00000000080010b0                SH1106_print8x8
 .text.SH1106_SetCursor
                0x00000000080010d0       0x24 .pio/build/bluepill_f103c8/src/_sh1106.o
                0x00000000080010d0                SH1106_SetCursor
 .text.SH1106_DrawBitmap
                0x00000000080010f4       0x50 .pio/build/bluepill_f103c8/src/_sh1106.o
                0x00000000080010f4                SH1106_DrawBitmap
 .text.SH1106_Printf
                0x0000000008001144       0x44 .pio/build/bluepill_f103c8/src/_sh1106.o
                0x0000000008001144                SH1106_Printf
 .text._InitWireOne
                0x0000000008001188       0x30 .pio/build/bluepill_f103c8/src/_wireone.o
                0x0000000008001188                _InitWireOne
 .text.LedMonitor
                0x00000000080011b8       0x10 .pio/build/bluepill_f103c8/src/_wireone.o
                0x00000000080011b8                LedMonitor
 .text.LedMonitorGreen
                0x00000000080011c8       0x10 .pio/build/bluepill_f103c8/src/_wireone.o
                0x00000000080011c8                LedMonitorGreen
 .text.ADC1_Init_Temperature
                0x00000000080011d8       0x44 .pio/build/bluepill_f103c8/src/adc.o
                0x00000000080011d8                ADC1_Init_Temperature
 .text.ADC2_Init
                0x000000000800121c       0x7c .pio/build/bluepill_f103c8/src/adc.o
                0x000000000800121c                ADC2_Init
 .text._Flash_Unlock
                0x0000000008001298       0x1c .pio/build/bluepill_f103c8/src/flashmem.o
 .text._Flash_ErasePage
                0x00000000080012b4       0x40 .pio/build/bluepill_f103c8/src/flashmem.o
                0x00000000080012b4                _Flash_ErasePage
 .text._Flash_WriteHalfWord
                0x00000000080012f4       0x38 .pio/build/bluepill_f103c8/src/flashmem.o
                0x00000000080012f4                _Flash_WriteHalfWord
 .text.Flash_Test128KB
                0x000000000800132c       0x34 .pio/build/bluepill_f103c8/src/flashmem.o
                0x000000000800132c                Flash_Test128KB
 .text.delay_i2c
                0x0000000008001360        0x6 .pio/build/bluepill_f103c8/src/i2cmaster.o
 *fill*         0x0000000008001366        0x2 
 .text.SI2C1_GPIO_Init
                0x0000000008001368       0x68 .pio/build/bluepill_f103c8/src/i2cmaster.o
                0x0000000008001368                SI2C1_GPIO_Init
 .text.I2C1_start
                0x00000000080013d0       0x28 .pio/build/bluepill_f103c8/src/i2cmaster.o
                0x00000000080013d0                I2C1_start
 .text.I2C1_stop
                0x00000000080013f8       0x24 .pio/build/bluepill_f103c8/src/i2cmaster.o
                0x00000000080013f8                I2C1_stop
 .text.I2C1_writeByte
                0x000000000800141c       0x58 .pio/build/bluepill_f103c8/src/i2cmaster.o
                0x000000000800141c                I2C1_writeByte
 .text.I2C1_readByte
                0x0000000008001474       0x70 .pio/build/bluepill_f103c8/src/i2cmaster.o
                0x0000000008001474                I2C1_readByte
 .text.I2C1_readRegister16
                0x00000000080014e4       0x7e .pio/build/bluepill_f103c8/src/i2cmaster.o
                0x00000000080014e4                I2C1_readRegister16
 *fill*         0x0000000008001562        0x2 
 .text.print_hex8
                0x0000000008001564       0x4c .pio/build/bluepill_f103c8/src/main.o
                0x0000000008001564                print_hex8
 .text.read_option_bytes
                0x00000000080015b0       0x7c .pio/build/bluepill_f103c8/src/main.o
                0x00000000080015b0                read_option_bytes
 .text.SystemClock_HSE_72MHz
                0x000000000800162c       0x94 .pio/build/bluepill_f103c8/src/main.o
                0x000000000800162c                SystemClock_HSE_72MHz
 .text.ReadUniqueID
                0x00000000080016c0       0x28 .pio/build/bluepill_f103c8/src/main.o
                0x00000000080016c0                ReadUniqueID
 .text.PrintUniqueID
                0x00000000080016e8       0x18 .pio/build/bluepill_f103c8/src/main.o
                0x00000000080016e8                PrintUniqueID
 .text._GetUniqueID
                0x0000000008001700        0xc .pio/build/bluepill_f103c8/src/main.o
                0x0000000008001700                _GetUniqueID
 .text.get_sysclk_source
                0x000000000800170c       0x10 .pio/build/bluepill_f103c8/src/main.o
                0x000000000800170c                get_sysclk_source
 .text.get_sysclk_freq
                0x000000000800171c       0x3c .pio/build/bluepill_f103c8/src/main.o
                0x000000000800171c                get_sysclk_freq
 .text._GetTimeRunning
                0x0000000008001758        0xc .pio/build/bluepill_f103c8/src/main.o
                0x0000000008001758                _GetTimeRunning
 .text._GetFirmwareVer
                0x0000000008001764        0x4 .pio/build/bluepill_f103c8/src/main.o
                0x0000000008001764                _GetFirmwareVer
 .text._1SecFunctions
                0x0000000008001768       0x10 .pio/build/bluepill_f103c8/src/main.o
                0x0000000008001768                _1SecFunctions
 .text._1msFunctions
                0x0000000008001778        0xe .pio/build/bluepill_f103c8/src/main.o
                0x0000000008001778                _1msFunctions
 *fill*         0x0000000008001786        0x2 
 .text._10msFunctions
                0x0000000008001788       0x2c .pio/build/bluepill_f103c8/src/main.o
                0x0000000008001788                _10msFunctions
 .text.startup.main
                0x00000000080017b4      0x1ac .pio/build/bluepill_f103c8/src/main.o
                0x00000000080017b4                main
 .text.crc_ccitt
                0x0000000008001960       0x36 .pio/build/bluepill_f103c8/src/main.o
                0x0000000008001960                crc_ccitt
 .text._write   0x0000000008001996       0x24 .pio/build/bluepill_f103c8/src/main.o
                0x0000000008001996                _write
 .text.DelayUs  0x00000000080019ba        0xa .pio/build/bluepill_f103c8/src/main.o
                0x00000000080019ba                DelayUs
 .text._GetBit  0x00000000080019c4       0x18 .pio/build/bluepill_f103c8/src/main.o
                0x00000000080019c4                _GetBit
 .text._InitNVStore
                0x00000000080019dc      0x114 .pio/build/bluepill_f103c8/src/nvstore.o
                0x00000000080019dc                _InitNVStore
 .text._GetHubId
                0x0000000008001af0       0x14 .pio/build/bluepill_f103c8/src/nvstore.o
                0x0000000008001af0                _GetHubId
 .text._Init_PWM
                0x0000000008001b04       0xac .pio/build/bluepill_f103c8/src/pwm.o
                0x0000000008001b04                _Init_PWM
 .text._SetPWM_CH1
                0x0000000008001bb0        0xc .pio/build/bluepill_f103c8/src/pwm.o
                0x0000000008001bb0                _SetPWM_CH1
 .text._SetPWM_CH4
                0x0000000008001bbc        0xc .pio/build/bluepill_f103c8/src/pwm.o
                0x0000000008001bbc                _SetPWM_CH4
 .text.SDA_high
                0x0000000008001bc8       0x14 .pio/build/bluepill_f103c8/src/si2c.o
                0x0000000008001bc8                SDA_high
 .text.SDA_low  0x0000000008001bdc       0x14 .pio/build/bluepill_f103c8/src/si2c.o
                0x0000000008001bdc                SDA_low
 .text.SCL_high
                0x0000000008001bf0       0x14 .pio/build/bluepill_f103c8/src/si2c.o
                0x0000000008001bf0                SCL_high
 .text.SCL_low  0x0000000008001c04       0x14 .pio/build/bluepill_f103c8/src/si2c.o
                0x0000000008001c04                SCL_low
 .text.SDA_read
                0x0000000008001c18       0x10 .pio/build/bluepill_f103c8/src/si2c.o
                0x0000000008001c18                SDA_read
 .text.delay_i2c
                0x0000000008001c28        0x6 .pio/build/bluepill_f103c8/src/si2c.o
                0x0000000008001c28                delay_i2c
 *fill*         0x0000000008001c2e        0x2 
 .text.SI2C_GPIO_Init
                0x0000000008001c30       0x50 .pio/build/bluepill_f103c8/src/si2c.o
                0x0000000008001c30                SI2C_GPIO_Init
 .text.I2C_start
                0x0000000008001c80       0x26 .pio/build/bluepill_f103c8/src/si2c.o
                0x0000000008001c80                I2C_start
 .text.I2C_stop
                0x0000000008001ca6       0x1e .pio/build/bluepill_f103c8/src/si2c.o
                0x0000000008001ca6                I2C_stop
 .text.I2C_writeByte
                0x0000000008001cc4       0x52 .pio/build/bluepill_f103c8/src/si2c.o
                0x0000000008001cc4                I2C_writeByte
 *fill*         0x0000000008001d16        0x2 
 .text.SoftSPI1_Init
                0x0000000008001d18       0x60 .pio/build/bluepill_f103c8/src/spimaster.o
                0x0000000008001d18                SoftSPI1_Init
 .text.SoftSPI1_TransmitReceive
                0x0000000008001d78       0x3c .pio/build/bluepill_f103c8/src/spimaster.o
                0x0000000008001d78                SoftSPI1_TransmitReceive
 .text._GetNetIP
                0x0000000008001db4        0xc .pio/build/bluepill_f103c8/src/srvcom.o
                0x0000000008001db4                _GetNetIP
 .text._GetSrvComStage
                0x0000000008001dc0        0xc .pio/build/bluepill_f103c8/src/srvcom.o
                0x0000000008001dc0                _GetSrvComStage
 .text._GetSrvComTxStat
                0x0000000008001dcc        0xc .pio/build/bluepill_f103c8/src/srvcom.o
                0x0000000008001dcc                _GetSrvComTxStat
 .text._GetSrvComTxTOStat
                0x0000000008001dd8        0xc .pio/build/bluepill_f103c8/src/srvcom.o
                0x0000000008001dd8                _GetSrvComTxTOStat
 .text._GetSrvComRxStat
                0x0000000008001de4        0xc .pio/build/bluepill_f103c8/src/srvcom.o
                0x0000000008001de4                _GetSrvComRxStat
 .text.inet_aton
                0x0000000008001df0       0x34 .pio/build/bluepill_f103c8/src/srvcom.o
                0x0000000008001df0                inet_aton
 .text._GetSrvComCHFree
                0x0000000008001e24       0x18 .pio/build/bluepill_f103c8/src/srvcom.o
                0x0000000008001e24                _GetSrvComCHFree
 .text._GetSrvComLinkRdy
                0x0000000008001e3c       0x10 .pio/build/bluepill_f103c8/src/srvcom.o
                0x0000000008001e3c                _GetSrvComLinkRdy
 .text._TxServer
                0x0000000008001e4c       0x60 .pio/build/bluepill_f103c8/src/srvcom.o
                0x0000000008001e4c                _TxServer
 .text.remove_spaces
                0x0000000008001eac       0x50 .pio/build/bluepill_f103c8/src/srvcom.o
                0x0000000008001eac                remove_spaces
 .text._InitCom
                0x0000000008001efc       0x28 .pio/build/bluepill_f103c8/src/srvcom.o
                0x0000000008001efc                _InitCom
 .text._TxCom   0x0000000008001f24       0x34 .pio/build/bluepill_f103c8/src/srvcom.o
                0x0000000008001f24                _TxCom
 .text._TxATCom
                0x0000000008001f58       0x48 .pio/build/bluepill_f103c8/src/srvcom.o
                0x0000000008001f58                _TxATCom
 .text._InitSrvCom
                0x0000000008001fa0       0x28 .pio/build/bluepill_f103c8/src/srvcom.o
                0x0000000008001fa0                _InitSrvCom
 .text.memsearch
                0x0000000008001fc8       0x2a .pio/build/bluepill_f103c8/src/srvcom.o
                0x0000000008001fc8                memsearch
 *fill*         0x0000000008001ff2        0x2 
 .text.CheckModemRx
                0x0000000008001ff4      0x130 .pio/build/bluepill_f103c8/src/srvcom.o
                0x0000000008001ff4                CheckModemRx
 .text.ProcRxBuf
                0x0000000008002124      0x138 .pio/build/bluepill_f103c8/src/srvcom.o
                0x0000000008002124                ProcRxBuf
 .text._ProcSrvCom
                0x000000000800225c      0x604 .pio/build/bluepill_f103c8/src/srvcom.o
                0x000000000800225c                _ProcSrvCom
 .text.LORA_GPIO_Init
                0x0000000008002860       0x50 .pio/build/bluepill_f103c8/src/sx1278.o
                0x0000000008002860                LORA_GPIO_Init
 .text.SX1278_ReadReg
                0x00000000080028b0       0x24 .pio/build/bluepill_f103c8/src/sx1278.o
                0x00000000080028b0                SX1278_ReadReg
 .text.SX1278_WriteReg
                0x00000000080028d4       0x24 .pio/build/bluepill_f103c8/src/sx1278.o
                0x00000000080028d4                SX1278_WriteReg
 .text.SX1278_LoRaInit
                0x00000000080028f8       0xf4 .pio/build/bluepill_f103c8/src/sx1278.o
                0x00000000080028f8                SX1278_LoRaInit
 .text.SetLoraRxMode
                0x00000000080029ec        0x8 .pio/build/bluepill_f103c8/src/sx1278.o
                0x00000000080029ec                SetLoraRxMode
 .text.ClearLoraIRQFlags
                0x00000000080029f4        0x8 .pio/build/bluepill_f103c8/src/sx1278.o
                0x00000000080029f4                ClearLoraIRQFlags
 .text.SX1278_SendBytes
                0x00000000080029fc       0x54 .pio/build/bluepill_f103c8/src/sx1278.o
                0x00000000080029fc                SX1278_SendBytes
 .text.SX1278_ReceiveBytes
                0x0000000008002a50       0x3c .pio/build/bluepill_f103c8/src/sx1278.o
                0x0000000008002a50                SX1278_ReceiveBytes
 .text._GetLoraVersion
                0x0000000008002a8c        0x6 .pio/build/bluepill_f103c8/src/sx1278.o
                0x0000000008002a8c                _GetLoraVersion
 .text._GetLoraIrqFlags
                0x0000000008002a92        0x6 .pio/build/bluepill_f103c8/src/sx1278.o
                0x0000000008002a92                _GetLoraIrqFlags
 .text._GetLoraRSSI
                0x0000000008002a98        0xc .pio/build/bluepill_f103c8/src/sx1278.o
                0x0000000008002a98                _GetLoraRSSI
 .text.ReadLoraIRQ
                0x0000000008002aa4       0x10 .pio/build/bluepill_f103c8/src/sx1278.o
                0x0000000008002aa4                ReadLoraIRQ
 .text.SysTick_Handler
                0x0000000008002ab4       0x10 .pio/build/bluepill_f103c8/src/systick.o
                0x0000000008002ab4                SysTick_Handler
 .text._UpdateTimer
                0x0000000008002ac4       0x10 .pio/build/bluepill_f103c8/src/timer.o
                0x0000000008002ac4                _UpdateTimer
 .text._Timer2_Init_us
                0x0000000008002ad4       0x54 .pio/build/bluepill_f103c8/src/timer.o
                0x0000000008002ad4                _Timer2_Init_us
 .text.TIM2_IRQHandler
                0x0000000008002b28       0x20 .pio/build/bluepill_f103c8/src/timer.o
                0x0000000008002b28                TIM2_IRQHandler
 .text._GetTimerms
                0x0000000008002b48        0xc .pio/build/bluepill_f103c8/src/timer.o
                0x0000000008002b48                _GetTimerms
 .text.Timer2_Init_us
                0x0000000008002b54        0xc .pio/build/bluepill_f103c8/src/timer.o
                0x0000000008002b54                Timer2_Init_us
 .text.USART1_IRQHandler
                0x0000000008002b60       0x30 .pio/build/bluepill_f103c8/src/usart.o
                0x0000000008002b60                USART1_IRQHandler
 .text.USART2_IRQHandler
                0x0000000008002b90       0x30 .pio/build/bluepill_f103c8/src/usart.o
                0x0000000008002b90                USART2_IRQHandler
 .text.USART1_DisableRXInterrupt
                0x0000000008002bc0       0x10 .pio/build/bluepill_f103c8/src/usart.o
                0x0000000008002bc0                USART1_DisableRXInterrupt
 .text.USART1_EnableRXInterrupt
                0x0000000008002bd0       0x10 .pio/build/bluepill_f103c8/src/usart.o
                0x0000000008002bd0                USART1_EnableRXInterrupt
 .text.USART1_Init
                0x0000000008002be0       0x6c .pio/build/bluepill_f103c8/src/usart.o
                0x0000000008002be0                USART1_Init
 .text.USART1_SendChar
                0x0000000008002c4c       0x10 .pio/build/bluepill_f103c8/src/usart.o
                0x0000000008002c4c                USART1_SendChar
 .text.USART2_Init
                0x0000000008002c5c       0xb8 .pio/build/bluepill_f103c8/src/usart.o
                0x0000000008002c5c                USART2_Init
 .text.USART2_SendChar
                0x0000000008002d14       0x10 .pio/build/bluepill_f103c8/src/usart.o
                0x0000000008002d14                USART2_SendChar
 .text.USART1_FlushRx
                0x0000000008002d24       0x18 .pio/build/bluepill_f103c8/src/usart.o
                0x0000000008002d24                USART1_FlushRx
 .text.USART1_ReadRx
                0x0000000008002d3c        0xc .pio/build/bluepill_f103c8/src/usart.o
                0x0000000008002d3c                USART1_ReadRx
 .text.USART1_rx
                0x0000000008002d48       0x38 .pio/build/bluepill_f103c8/src/usart.o
                0x0000000008002d48                USART1_rx
 .text.USART1_tx
                0x0000000008002d80       0x1a .pio/build/bluepill_f103c8/src/usart.o
                0x0000000008002d80                USART1_tx
 .text.atoi     0x0000000008002d9a        0x8 /home/scallozzo/.platformio/packages/toolchain-gccarmnoneeabi@1.70201.0/bin/../lib/gcc/arm-none-eabi/7.2.1/../../../../arm-none-eabi/lib/thumb/v7-m/libc_nano.a(lib_a-atoi.o)
                0x0000000008002d9a                atoi
 .text.__locale_ctype_ptr_l
                0x0000000008002da2        0x6 /home/scallozzo/.platformio/packages/toolchain-gccarmnoneeabi@1.70201.0/bin/../lib/gcc/arm-none-eabi/7.2.1/../../../../arm-none-eabi/lib/thumb/v7-m/libc_nano.a(lib_a-locale.o)
                0x0000000008002da2                __locale_ctype_ptr_l
 .text.__locale_ctype_ptr
                0x0000000008002da8       0x1c /home/scallozzo/.platformio/packages/toolchain-gccarmnoneeabi@1.70201.0/bin/../lib/gcc/arm-none-eabi/7.2.1/../../../../arm-none-eabi/lib/thumb/v7-m/libc_nano.a(lib_a-locale.o)
                0x0000000008002da8                __locale_ctype_ptr
 .text.__ascii_mbtowc
                0x0000000008002dc4       0x24 /home/scallozzo/.platformio/packages/toolchain-gccarmnoneeabi@1.70201.0/bin/../lib/gcc/arm-none-eabi/7.2.1/../../../../arm-none-eabi/lib/thumb/v7-m/libc_nano.a(lib_a-mbtowc_r.o)
                0x0000000008002dc4                __ascii_mbtowc
 .text.memcmp   0x0000000008002de8       0x1e /home/scallozzo/.platformio/packages/toolchain-gccarmnoneeabi@1.70201.0/bin/../lib/gcc/arm-none-eabi/7.2.1/../../../../arm-none-eabi/lib/thumb/v7-m/libc_nano.a(lib_a-memcmp.o)
                0x0000000008002de8                memcmp
 .text.memcpy   0x0000000008002e06       0x16 /home/scallozzo/.platformio/packages/toolchain-gccarmnoneeabi@1.70201.0/bin/../lib/gcc/arm-none-eabi/7.2.1/../../../../arm-none-eabi/lib/thumb/v7-m/libc_nano.a(lib_a-memcpy-stub.o)
                0x0000000008002e06                memcpy
 .text.printf   0x0000000008002e1c       0x30 /home/scallozzo/.platformio/packages/toolchain-gccarmnoneeabi@1.70201.0/bin/../lib/gcc/arm-none-eabi/7.2.1/../../../../arm-none-eabi/lib/thumb/v7-m/libc_nano.a(lib_a-printf.o)
                0x0000000008002e1c                printf
                0x0000000008002e1c                iprintf
 .text.putchar  0x0000000008002e4c       0x28 /home/scallozzo/.platformio/packages/toolchain-gccarmnoneeabi@1.70201.0/bin/../lib/gcc/arm-none-eabi/7.2.1/../../../../arm-none-eabi/lib/thumb/v7-m/libc_nano.a(lib_a-putchar.o)
                0x0000000008002e4c                putchar
 .text._puts_r  0x0000000008002e74       0xb8 /home/scallozzo/.platformio/packages/toolchain-gccarmnoneeabi@1.70201.0/bin/../lib/gcc/arm-none-eabi/7.2.1/../../../../arm-none-eabi/lib/thumb/v7-m/libc_nano.a(lib_a-puts.o)
                0x0000000008002e74                _puts_r
 .text.puts     0x0000000008002f2c       0x10 /home/scallozzo/.platformio/packages/toolchain-gccarmnoneeabi@1.70201.0/bin/../lib/gcc/arm-none-eabi/7.2.1/../../../../arm-none-eabi/lib/thumb/v7-m/libc_nano.a(lib_a-puts.o)
                0x0000000008002f2c                puts
 .text.sprintf  0x0000000008002f3c       0x40 /home/scallozzo/.platformio/packages/toolchain-gccarmnoneeabi@1.70201.0/bin/../lib/gcc/arm-none-eabi/7.2.1/../../../../arm-none-eabi/lib/thumb/v7-m/libc_nano.a(lib_a-sprintf.o)
                0x0000000008002f3c                sprintf
                0x0000000008002f3c                siprintf
 .text.strtok   0x0000000008002f7c       0x54 /home/scallozzo/.platformio/packages/toolchain-gccarmnoneeabi@1.70201.0/bin/../lib/gcc/arm-none-eabi/7.2.1/../../../../arm-none-eabi/lib/thumb/v7-m/libc_nano.a(lib_a-strtok.o)
                0x0000000008002f7c                strtok
 .text.__strtok_r
                0x0000000008002fd0       0x54 /home/scallozzo/.platformio/packages/toolchain-gccarmnoneeabi@1.70201.0/bin/../lib/gcc/arm-none-eabi/7.2.1/../../../../arm-none-eabi/lib/thumb/v7-m/libc_nano.a(lib_a-strtok_r.o)
                0x0000000008002fd0                __strtok_r
 .text._strtol_l.isra.0
                0x0000000008003024       0xf6 /home/scallozzo/.platformio/packages/toolchain-gccarmnoneeabi@1.70201.0/bin/../lib/gcc/arm-none-eabi/7.2.1/../../../../arm-none-eabi/lib/thumb/v7-m/libc_nano.a(lib_a-strtol.o)
 *fill*         0x000000000800311a        0x2 
 .text.strtol   0x000000000800311c       0x2c /home/scallozzo/.platformio/packages/toolchain-gccarmnoneeabi@1.70201.0/bin/../lib/gcc/arm-none-eabi/7.2.1/../../../../arm-none-eabi/lib/thumb/v7-m/libc_nano.a(lib_a-strtol.o)
                0x000000000800311c                strtol
 .text._vsnprintf_r
                0x0000000008003148       0x58 /home/scallozzo/.platformio/packages/toolchain-gccarmnoneeabi@1.70201.0/bin/../lib/gcc/arm-none-eabi/7.2.1/../../../../arm-none-eabi/lib/thumb/v7-m/libc_nano.a(lib_a-vsnprintf.o)
                0x0000000008003148                _vsnprintf_r
                0x0000000008003148                _vsniprintf_r
 .text.vsnprintf
                0x00000000080031a0       0x1c /home/scallozzo/.platformio/packages/toolchain-gccarmnoneeabi@1.70201.0/bin/../lib/gcc/arm-none-eabi/7.2.1/../../../../arm-none-eabi/lib/thumb/v7-m/libc_nano.a(lib_a-vsnprintf.o)
                0x00000000080031a0                vsnprintf
                0x00000000080031a0                vsniprintf
 .text.__swbuf_r
                0x00000000080031bc       0xa4 /home/scallozzo/.platformio/packages/toolchain-gccarmnoneeabi@1.70201.0/bin/../lib/gcc/arm-none-eabi/7.2.1/../../../../arm-none-eabi/lib/thumb/v7-m/libc_nano.a(lib_a-wbuf.o)
                0x00000000080031bc                __swbuf_r
 .text.__ascii_wctomb
                0x0000000008003260       0x1a /home/scallozzo/.platformio/packages/toolchain-gccarmnoneeabi@1.70201.0/bin/../lib/gcc/arm-none-eabi/7.2.1/../../../../arm-none-eabi/lib/thumb/v7-m/libc_nano.a(lib_a-wctomb_r.o)
                0x0000000008003260                __ascii_wctomb
 *fill*         0x000000000800327a        0x2 
 .text.__swsetup_r
                0x000000000800327c       0xdc /home/scallozzo/.platformio/packages/toolchain-gccarmnoneeabi@1.70201.0/bin/../lib/gcc/arm-none-eabi/7.2.1/../../../../arm-none-eabi/lib/thumb/v7-m/libc_nano.a(lib_a-wsetup.o)
                0x000000000800327c                __swsetup_r
 .text.__sflush_r
                0x0000000008003358      0x10c /home/scallozzo/.platformio/packages/toolchain-gccarmnoneeabi@1.70201.0/bin/../lib/gcc/arm-none-eabi/7.2.1/../../../../arm-none-eabi/lib/thumb/v7-m/libc_nano.a(lib_a-fflush.o)
                0x0000000008003358                __sflush_r
 .text._fflush_r
                0x0000000008003464       0x54 /home/scallozzo/.platformio/packages/toolchain-gccarmnoneeabi@1.70201.0/bin/../lib/gcc/arm-none-eabi/7.2.1/../../../../arm-none-eabi/lib/thumb/v7-m/libc_nano.a(lib_a-fflush.o)
                0x0000000008003464                _fflush_r
 .text.std      0x00000000080034b8       0x48 /home/scallozzo/.platformio/packages/toolchain-gccarmnoneeabi@1.70201.0/bin/../lib/gcc/arm-none-eabi/7.2.1/../../../../arm-none-eabi/lib/thumb/v7-m/libc_nano.a(lib_a-findfp.o)
 .text._cleanup_r
                0x0000000008003500        0xc /home/scallozzo/.platformio/packages/toolchain-gccarmnoneeabi@1.70201.0/bin/../lib/gcc/arm-none-eabi/7.2.1/../../../../arm-none-eabi/lib/thumb/v7-m/libc_nano.a(lib_a-findfp.o)
                0x0000000008003500                _cleanup_r
 .text.__sfmoreglue
                0x000000000800350c       0x2c /home/scallozzo/.platformio/packages/toolchain-gccarmnoneeabi@1.70201.0/bin/../lib/gcc/arm-none-eabi/7.2.1/../../../../arm-none-eabi/lib/thumb/v7-m/libc_nano.a(lib_a-findfp.o)
                0x000000000800350c                __sfmoreglue
 .text.__sinit  0x0000000008003538       0x60 /home/scallozzo/.platformio/packages/toolchain-gccarmnoneeabi@1.70201.0/bin/../lib/gcc/arm-none-eabi/7.2.1/../../../../arm-none-eabi/lib/thumb/v7-m/libc_nano.a(lib_a-findfp.o)
                0x0000000008003538                __sinit
 .text.__sfp    0x0000000008003598       0x78 /home/scallozzo/.platformio/packages/toolchain-gccarmnoneeabi@1.70201.0/bin/../lib/gcc/arm-none-eabi/7.2.1/../../../../arm-none-eabi/lib/thumb/v7-m/libc_nano.a(lib_a-findfp.o)
                0x0000000008003598                __sfp
 .text._fwalk_reent
                0x0000000008003610       0x3c /home/scallozzo/.platformio/packages/toolchain-gccarmnoneeabi@1.70201.0/bin/../lib/gcc/arm-none-eabi/7.2.1/../../../../arm-none-eabi/lib/thumb/v7-m/libc_nano.a(lib_a-fwalk.o)
                0x0000000008003610                _fwalk_reent
 .text.__swhatbuf_r
                0x000000000800364c       0x48 /home/scallozzo/.platformio/packages/toolchain-gccarmnoneeabi@1.70201.0/bin/../lib/gcc/arm-none-eabi/7.2.1/../../../../arm-none-eabi/lib/thumb/v7-m/libc_nano.a(lib_a-makebuf.o)
                0x000000000800364c                __swhatbuf_r
 .text.__smakebuf_r
                0x0000000008003694       0x80 /home/scallozzo/.platformio/packages/toolchain-gccarmnoneeabi@1.70201.0/bin/../lib/gcc/arm-none-eabi/7.2.1/../../../../arm-none-eabi/lib/thumb/v7-m/libc_nano.a(lib_a-makebuf.o)
                0x0000000008003694                __smakebuf_r
 .text.malloc   0x0000000008003714       0x10 /home/scallozzo/.platformio/packages/toolchain-gccarmnoneeabi@1.70201.0/bin/../lib/gcc/arm-none-eabi/7.2.1/../../../../arm-none-eabi/lib/thumb/v7-m/libc_nano.a(lib_a-malloc.o)
                0x0000000008003714                malloc
 .text._free_r  0x0000000008003724       0x98 /home/scallozzo/.platformio/packages/toolchain-gccarmnoneeabi@1.70201.0/bin/../lib/gcc/arm-none-eabi/7.2.1/../../../../arm-none-eabi/lib/thumb/v7-m/libc_nano.a(lib_a-nano-freer.o)
                0x0000000008003724                _free_r
 .text._malloc_r
                0x00000000080037bc       0xb4 /home/scallozzo/.platformio/packages/toolchain-gccarmnoneeabi@1.70201.0/bin/../lib/gcc/arm-none-eabi/7.2.1/../../../../arm-none-eabi/lib/thumb/v7-m/libc_nano.a(lib_a-nano-mallocr.o)
                0x00000000080037bc                _malloc_r
 .text.__ssputs_r
                0x0000000008003870       0xb4 /home/scallozzo/.platformio/packages/toolchain-gccarmnoneeabi@1.70201.0/bin/../lib/gcc/arm-none-eabi/7.2.1/../../../../arm-none-eabi/lib/thumb/v7-m/libc_nano.a(lib_a-nano-svfprintf.o)
                0x0000000008003870                __ssputs_r
 .text._svfprintf_r
                0x0000000008003924      0x1ec /home/scallozzo/.platformio/packages/toolchain-gccarmnoneeabi@1.70201.0/bin/../lib/gcc/arm-none-eabi/7.2.1/../../../../arm-none-eabi/lib/thumb/v7-m/libc_nano.a(lib_a-nano-svfprintf.o)
                0x0000000008003924                _svfprintf_r
                0x0000000008003924                _svfiprintf_r
 .text.__sfputc_r
                0x0000000008003b10       0x2a /home/scallozzo/.platformio/packages/toolchain-gccarmnoneeabi@1.70201.0/bin/../lib/gcc/arm-none-eabi/7.2.1/../../../../arm-none-eabi/lib/thumb/v7-m/libc_nano.a(lib_a-nano-vfprintf.o)
 .text.__sfputs_r
                0x0000000008003b3a       0x24 /home/scallozzo/.platformio/packages/toolchain-gccarmnoneeabi@1.70201.0/bin/../lib/gcc/arm-none-eabi/7.2.1/../../../../arm-none-eabi/lib/thumb/v7-m/libc_nano.a(lib_a-nano-vfprintf.o)
                0x0000000008003b3a                __sfputs_r
 *fill*         0x0000000008003b5e        0x2 
 .text._vfprintf_r
                0x0000000008003b60      0x228 /home/scallozzo/.platformio/packages/toolchain-gccarmnoneeabi@1.70201.0/bin/../lib/gcc/arm-none-eabi/7.2.1/../../../../arm-none-eabi/lib/thumb/v7-m/libc_nano.a(lib_a-nano-vfprintf.o)
                0x0000000008003b60                _vfiprintf_r
                0x0000000008003b60                _vfprintf_r
 .text._printf_common
                0x0000000008003d88       0xec /home/scallozzo/.platformio/packages/toolchain-gccarmnoneeabi@1.70201.0/bin/../lib/gcc/arm-none-eabi/7.2.1/../../../../arm-none-eabi/lib/thumb/v7-m/libc_nano.a(lib_a-nano-vfprintf_i.o)
                0x0000000008003d88                _printf_common
 .text._printf_i
                0x0000000008003e74      0x224 /home/scallozzo/.platformio/packages/toolchain-gccarmnoneeabi@1.70201.0/bin/../lib/gcc/arm-none-eabi/7.2.1/../../../../arm-none-eabi/lib/thumb/v7-m/libc_nano.a(lib_a-nano-vfprintf_i.o)
                0x0000000008003e74                _printf_i
 .text._putc_r  0x0000000008004098       0x6c /home/scallozzo/.platformio/packages/toolchain-gccarmnoneeabi@1.70201.0/bin/../lib/gcc/arm-none-eabi/7.2.1/../../../../arm-none-eabi/lib/thumb/v7-m/libc_nano.a(lib_a-putc.o)
                0x0000000008004098                _putc_r
 .text._sbrk_r  0x0000000008004104       0x20 /home/scallozzo/.platformio/packages/toolchain-gccarmnoneeabi@1.70201.0/bin/../lib/gcc/arm-none-eabi/7.2.1/../../../../arm-none-eabi/lib/thumb/v7-m/libc_nano.a(lib_a-sbrkr.o)
                0x0000000008004104                _sbrk_r
 .text.__sread  0x0000000008004124       0x22 /home/scallozzo/.platformio/packages/toolchain-gccarmnoneeabi@1.70201.0/bin/../lib/gcc/arm-none-eabi/7.2.1/../../../../arm-none-eabi/lib/thumb/v7-m/libc_nano.a(lib_a-stdio.o)
                0x0000000008004124                __sread
 .text.__swrite
                0x0000000008004146       0x38 /home/scallozzo/.platformio/packages/toolchain-gccarmnoneeabi@1.70201.0/bin/../lib/gcc/arm-none-eabi/7.2.1/../../../../arm-none-eabi/lib/thumb/v7-m/libc_nano.a(lib_a-stdio.o)
                0x0000000008004146                __swrite
 .text.__sseek  0x000000000800417e       0x24 /home/scallozzo/.platformio/packages/toolchain-gccarmnoneeabi@1.70201.0/bin/../lib/gcc/arm-none-eabi/7.2.1/../../../../arm-none-eabi/lib/thumb/v7-m/libc_nano.a(lib_a-stdio.o)
                0x000000000800417e                __sseek
 .text.__sclose
                0x00000000080041a2        0x8 /home/scallozzo/.platformio/packages/toolchain-gccarmnoneeabi@1.70201.0/bin/../lib/gcc/arm-none-eabi/7.2.1/../../../../arm-none-eabi/lib/thumb/v7-m/libc_nano.a(lib_a-stdio.o)
                0x00000000080041a2                __sclose
 *fill*         0x00000000080041aa        0x2 
 .text._write_r
                0x00000000080041ac       0x24 /home/scallozzo/.platformio/packages/toolchain-gccarmnoneeabi@1.70201.0/bin/../lib/gcc/arm-none-eabi/7.2.1/../../../../arm-none-eabi/lib/thumb/v7-m/libc_nano.a(lib_a-writer.o)
                0x00000000080041ac                _write_r
 .text._close_r
                0x00000000080041d0       0x20 /home/scallozzo/.platformio/packages/toolchain-gccarmnoneeabi@1.70201.0/bin/../lib/gcc/arm-none-eabi/7.2.1/../../../../arm-none-eabi/lib/thumb/v7-m/libc_nano.a(lib_a-closer.o)
                0x00000000080041d0                _close_r
 .text._fstat_r
                0x00000000080041f0       0x24 /home/scallozzo/.platformio/packages/toolchain-gccarmnoneeabi@1.70201.0/bin/../lib/gcc/arm-none-eabi/7.2.1/../../../../arm-none-eabi/lib/thumb/v7-m/libc_nano.a(lib_a-fstatr.o)
                0x00000000080041f0                _fstat_r
 .text._isatty_r
                0x0000000008004214       0x20 /home/scallozzo/.platformio/packages/toolchain-gccarmnoneeabi@1.70201.0/bin/../lib/gcc/arm-none-eabi/7.2.1/../../../../arm-none-eabi/lib/thumb/v7-m/libc_nano.a(lib_a-isattyr.o)
                0x0000000008004214                _isatty_r
 .text._lseek_r
                0x0000000008004234       0x24 /home/scallozzo/.platformio/packages/toolchain-gccarmnoneeabi@1.70201.0/bin/../lib/gcc/arm-none-eabi/7.2.1/../../../../arm-none-eabi/lib/thumb/v7-m/libc_nano.a(lib_a-lseekr.o)
                0x0000000008004234                _lseek_r
 .text.memchr   0x0000000008004258       0x1c /home/scallozzo/.platformio/packages/toolchain-gccarmnoneeabi@1.70201.0/bin/../lib/gcc/arm-none-eabi/7.2.1/../../../../arm-none-eabi/lib/thumb/v7-m/libc_nano.a(lib_a-memchr-stub.o)
                0x0000000008004258                memchr
 .text.memmove  0x0000000008004274       0x32 /home/scallozzo/.platformio/packages/toolchain-gccarmnoneeabi@1.70201.0/bin/../lib/gcc/arm-none-eabi/7.2.1/../../../../arm-none-eabi/lib/thumb/v7-m/libc_nano.a(lib_a-memmove.o)
                0x0000000008004274                memmove
 .text.__malloc_lock
                0x00000000080042a6        0x2 /home/scallozzo/.platformio/packages/toolchain-gccarmnoneeabi@1.70201.0/bin/../lib/gcc/arm-none-eabi/7.2.1/../../../../arm-none-eabi/lib/thumb/v7-m/libc_nano.a(lib_a-mlock.o)
                0x00000000080042a6                __malloc_lock
 .text.__malloc_unlock
                0x00000000080042a8        0x2 /home/scallozzo/.platformio/packages/toolchain-gccarmnoneeabi@1.70201.0/bin/../lib/gcc/arm-none-eabi/7.2.1/../../../../arm-none-eabi/lib/thumb/v7-m/libc_nano.a(lib_a-mlock.o)
                0x00000000080042a8                __malloc_unlock
 .text._realloc_r
                0x00000000080042aa       0x4c /home/scallozzo/.platformio/packages/toolchain-gccarmnoneeabi@1.70201.0/bin/../lib/gcc/arm-none-eabi/7.2.1/../../../../arm-none-eabi/lib/thumb/v7-m/libc_nano.a(lib_a-nano-reallocr.o)
                0x00000000080042aa                _realloc_r
 *fill*         0x00000000080042f6        0x2 
 .text._read_r  0x00000000080042f8       0x24 /home/scallozzo/.platformio/packages/toolchain-gccarmnoneeabi@1.70201.0/bin/../lib/gcc/arm-none-eabi/7.2.1/../../../../arm-none-eabi/lib/thumb/v7-m/libc_nano.a(lib_a-readr.o)
                0x00000000080042f8                _read_r
 .text._malloc_usable_size_r
                0x000000000800431c       0x10 /home/scallozzo/.platformio/packages/toolchain-gccarmnoneeabi@1.70201.0/bin/../lib/gcc/arm-none-eabi/7.2.1/../../../../arm-none-eabi/lib/thumb/v7-m/libc_nano.a(lib_a-nano-msizer.o)
                0x000000000800431c                _malloc_usable_size_r
 .text._close   0x000000000800432c       0x10 /home/scallozzo/.platformio/packages/toolchain-gccarmnoneeabi@1.70201.0/bin/../lib/gcc/arm-none-eabi/7.2.1/../../../../arm-none-eabi/lib/thumb/v7-m/libnosys.a(close.o)
                0x000000000800432c                _close
 .text._fstat   0x000000000800433c       0x10 /home/scallozzo/.platformio/packages/toolchain-gccarmnoneeabi@1.70201.0/bin/../lib/gcc/arm-none-eabi/7.2.1/../../../../arm-none-eabi/lib/thumb/v7-m/libnosys.a(fstat.o)
                0x000000000800433c                _fstat
 .text._isatty  0x000000000800434c       0x10 /home/scallozzo/.platformio/packages/toolchain-gccarmnoneeabi@1.70201.0/bin/../lib/gcc/arm-none-eabi/7.2.1/../../../../arm-none-eabi/lib/thumb/v7-m/libnosys.a(isatty.o)
                0x000000000800434c                _isatty
 .text._lseek   0x000000000800435c       0x10 /home/scallozzo/.platformio/packages/toolchain-gccarmnoneeabi@1.70201.0/bin/../lib/gcc/arm-none-eabi/7.2.1/../../../../arm-none-eabi/lib/thumb/v7-m/libnosys.a(lseek.o)
                0x000000000800435c                _lseek
 .text._read    0x000000000800436c       0x10 /home/scallozzo/.platformio/packages/toolchain-gccarmnoneeabi@1.70201.0/bin/../lib/gcc/arm-none-eabi/7.2.1/../../../../arm-none-eabi/lib/thumb/v7-m/libnosys.a(read.o)
                0x000000000800436c                _read
 .text._sbrk    0x000000000800437c       0x1c /home/scallozzo/.platformio/packages/toolchain-gccarmnoneeabi@1.70201.0/bin/../lib/gcc/arm-none-eabi/7.2.1/../../../../arm-none-eabi/lib/thumb/v7-m/libnosys.a(sbrk.o)
                0x000000000800437c                _sbrk
 *(.glue_7)
 .glue_7        0x0000000008004398        0x0 linker stubs
 *(.glue_7t)
 .glue_7t       0x0000000008004398        0x0 linker stubs
 *(.eh_frame)
 .eh_frame      0x0000000008004398        0x0 /home/scallozzo/.platformio/packages/toolchain-gccarmnoneeabi@1.70201.0/bin/../lib/gcc/arm-none-eabi/7.2.1/thumb/v7-m/crtbegin.o
 *(.init)
 .init          0x0000000008004398        0x4 /home/scallozzo/.platformio/packages/toolchain-gccarmnoneeabi@1.70201.0/bin/../lib/gcc/arm-none-eabi/7.2.1/thumb/v7-m/crti.o
                0x0000000008004398                _init
 .init          0x000000000800439c        0x8 /home/scallozzo/.platformio/packages/toolchain-gccarmnoneeabi@1.70201.0/bin/../lib/gcc/arm-none-eabi/7.2.1/thumb/v7-m/crtn.o
 *(.fini)
 .fini          0x00000000080043a4        0x4 /home/scallozzo/.platformio/packages/toolchain-gccarmnoneeabi@1.70201.0/bin/../lib/gcc/arm-none-eabi/7.2.1/thumb/v7-m/crti.o
                0x00000000080043a4                _fini
 .fini          0x00000000080043a8        0x8 /home/scallozzo/.platformio/packages/toolchain-gccarmnoneeabi@1.70201.0/bin/../lib/gcc/arm-none-eabi/7.2.1/thumb/v7-m/crtn.o
                0x00000000080043b0                . = ALIGN (0x4)
                0x00000000080043b0                _etext = .

.vfp11_veneer   0x00000000080043b0        0x0
 .vfp11_veneer  0x00000000080043b0        0x0 linker stubs

.v4_bx          0x00000000080043b0        0x0
 .v4_bx         0x00000000080043b0        0x0 linker stubs

.iplt           0x00000000080043b0        0x0
 .iplt          0x00000000080043b0        0x0 /home/scallozzo/.platformio/packages/toolchain-gccarmnoneeabi@1.70201.0/bin/../lib/gcc/arm-none-eabi/7.2.1/thumb/v7-m/crtbegin.o

.rodata         0x00000000080043b0     0x137c
                0x00000000080043b0                . = ALIGN (0x4)
 *(.rodata)
 .rodata        0x00000000080043b0        0xa .pio/build/bluepill_f103c8/src/_ltproto.o
 *(.rodata*)
 *fill*         0x00000000080043ba        0x2 
 .rodata._global_impure_ptr
                0x00000000080043bc        0x4 /home/scallozzo/.platformio/packages/toolchain-gccarmnoneeabi@1.70201.0/bin/../lib/gcc/arm-none-eabi/7.2.1/../../../../arm-none-eabi/lib/thumb/v7-m/libc.a(lib_a-impure.o)
                0x00000000080043bc                _global_impure_ptr
 .rodata.EERAM_EnableAutoStore.str1.1
                0x00000000080043c0        0xf .pio/build/bluepill_f103c8/src/_47l16.o
 .rodata.ProcLCD.part.0.str1.1
                0x00000000080043cf       0x57 .pio/build/bluepill_f103c8/src/_ltproto.o
 .rodata._ProcLTProto.str1.1
                0x0000000008004426       0x56 .pio/build/bluepill_f103c8/src/_ltproto.o
 .rodata._ProcLTSlv.str1.1
                0x000000000800447c      0x2ef .pio/build/bluepill_f103c8/src/_ltproto.o
 .rodata._ProcRxLT.str1.1
                0x000000000800476b      0x13c .pio/build/bluepill_f103c8/src/_ltproto.o
                                        0x141 (size before relaxing)
 .rodata.hubid.6978
                0x00000000080048a7        0x6 .pio/build/bluepill_f103c8/src/_ltproto.o
 .rodata.font5x7
                0x00000000080048ad      0x1db .pio/build/bluepill_f103c8/src/_sh1106.o
 .rodata.font8x8
                0x0000000008004a88      0x2f8 .pio/build/bluepill_f103c8/src/_sh1106.o
 .rodata.gear32x32
                0x0000000008004d80       0x80 .pio/build/bluepill_f103c8/src/_sh1106.o
                0x0000000008004d80                gear32x32
 .rodata.PrintUniqueID.str1.1
                0x0000000008004e00       0x13 .pio/build/bluepill_f103c8/src/main.o
 .rodata.main.str1.1
                0x0000000008004e13       0xaa .pio/build/bluepill_f103c8/src/main.o
 .rodata.print_hex8.str1.1
                0x0000000008004ebd        0x6 .pio/build/bluepill_f103c8/src/main.o
 .rodata.read_option_bytes.str1.1
                0x0000000008004ec3      0x18e .pio/build/bluepill_f103c8/src/main.o
 .rodata._InitNVStore.str1.1
                0x0000000008005051      0x181 .pio/build/bluepill_f103c8/src/nvstore.o
                                        0x188 (size before relaxing)
 .rodata.CheckModemRx.str1.1
                0x00000000080051d2       0xb6 .pio/build/bluepill_f103c8/src/srvcom.o
                                         0xbb (size before relaxing)
 .rodata.ProcRxBuf.str1.1
                0x0000000008005288       0xeb .pio/build/bluepill_f103c8/src/srvcom.o
                                         0xed (size before relaxing)
 .rodata._ProcSrvCom.str1.1
                0x0000000008005373      0x21a .pio/build/bluepill_f103c8/src/srvcom.o
                                        0x221 (size before relaxing)
 .rodata._setlocale_r.str1.1
                0x000000000800558d        0x8 /home/scallozzo/.platformio/packages/toolchain-gccarmnoneeabi@1.70201.0/bin/../lib/gcc/arm-none-eabi/7.2.1/../../../../arm-none-eabi/lib/thumb/v7-m/libc_nano.a(lib_a-locale.o)
                                          0x9 (size before relaxing)
 .rodata.str1.1
                0x0000000008005595        0x8 /home/scallozzo/.platformio/packages/toolchain-gccarmnoneeabi@1.70201.0/bin/../lib/gcc/arm-none-eabi/7.2.1/../../../../arm-none-eabi/lib/thumb/v7-m/libc_nano.a(lib_a-locale.o)
                                          0x2 (size before relaxing)
 .rodata._ctype_
                0x0000000008005595      0x101 /home/scallozzo/.platformio/packages/toolchain-gccarmnoneeabi@1.70201.0/bin/../lib/gcc/arm-none-eabi/7.2.1/../../../../arm-none-eabi/lib/thumb/v7-m/libc_nano.a(lib_a-ctype_.o)
                0x0000000008005595                _ctype_
 *fill*         0x0000000008005696        0x2 
 .rodata.__sf_fake_stderr
                0x0000000008005698       0x20 /home/scallozzo/.platformio/packages/toolchain-gccarmnoneeabi@1.70201.0/bin/../lib/gcc/arm-none-eabi/7.2.1/../../../../arm-none-eabi/lib/thumb/v7-m/libc_nano.a(lib_a-findfp.o)
                0x0000000008005698                __sf_fake_stderr
 .rodata.__sf_fake_stdin
                0x00000000080056b8       0x20 /home/scallozzo/.platformio/packages/toolchain-gccarmnoneeabi@1.70201.0/bin/../lib/gcc/arm-none-eabi/7.2.1/../../../../arm-none-eabi/lib/thumb/v7-m/libc_nano.a(lib_a-findfp.o)
                0x00000000080056b8                __sf_fake_stdin
 .rodata.__sf_fake_stdout
                0x00000000080056d8       0x20 /home/scallozzo/.platformio/packages/toolchain-gccarmnoneeabi@1.70201.0/bin/../lib/gcc/arm-none-eabi/7.2.1/../../../../arm-none-eabi/lib/thumb/v7-m/libc_nano.a(lib_a-findfp.o)
                0x00000000080056d8                __sf_fake_stdout
 .rodata._svfprintf_r.str1.1
                0x00000000080056f8       0x11 /home/scallozzo/.platformio/packages/toolchain-gccarmnoneeabi@1.70201.0/bin/../lib/gcc/arm-none-eabi/7.2.1/../../../../arm-none-eabi/lib/thumb/v7-m/libc_nano.a(lib_a-nano-svfprintf.o)
 .rodata._vfprintf_r.str1.1
                0x0000000008005709       0x11 /home/scallozzo/.platformio/packages/toolchain-gccarmnoneeabi@1.70201.0/bin/../lib/gcc/arm-none-eabi/7.2.1/../../../../arm-none-eabi/lib/thumb/v7-m/libc_nano.a(lib_a-nano-vfprintf.o)
 .rodata._printf_i.str1.1
                0x0000000008005709       0x22 /home/scallozzo/.platformio/packages/toolchain-gccarmnoneeabi@1.70201.0/bin/../lib/gcc/arm-none-eabi/7.2.1/../../../../arm-none-eabi/lib/thumb/v7-m/libc_nano.a(lib_a-nano-vfprintf_i.o)
                0x000000000800572c                . = ALIGN (0x4)
 *fill*         0x000000000800572b        0x1 

.rel.dyn        0x000000000800572c        0x0
 .rel.iplt      0x000000000800572c        0x0 /home/scallozzo/.platformio/packages/toolchain-gccarmnoneeabi@1.70201.0/bin/../lib/gcc/arm-none-eabi/7.2.1/thumb/v7-m/crtbegin.o

.ARM.extab      0x000000000800572c        0x0
                0x000000000800572c                . = ALIGN (0x4)
 *(.ARM.extab* .gnu.linkonce.armextab.*)
                0x000000000800572c                . = ALIGN (0x4)

.ARM            0x000000000800572c        0x0
                0x000000000800572c                . = ALIGN (0x4)
                0x000000000800572c                __exidx_start = .
 *(.ARM.exidx*)
                0x000000000800572c                __exidx_end = .
                0x000000000800572c                . = ALIGN (0x4)

.preinit_array  0x000000000800572c        0x0
                0x000000000800572c                . = ALIGN (0x4)
                0x000000000800572c                PROVIDE (__preinit_array_start, .)
 *(.preinit_array*)
                0x000000000800572c                PROVIDE (__preinit_array_end, .)
                0x000000000800572c                . = ALIGN (0x4)

.init_array     0x000000000800572c        0x8
                0x000000000800572c                . = ALIGN (0x4)
                0x000000000800572c                PROVIDE (__init_array_start, .)
 *(SORT_BY_NAME(.init_array.*))
 .init_array.00000
                0x000000000800572c        0x4 /home/scallozzo/.platformio/packages/toolchain-gccarmnoneeabi@1.70201.0/bin/../lib/gcc/arm-none-eabi/7.2.1/../../../../arm-none-eabi/lib/thumb/v7-m/libc.a(lib_a-__call_atexit.o)
 *(.init_array*)
 .init_array    0x0000000008005730        0x4 /home/scallozzo/.platformio/packages/toolchain-gccarmnoneeabi@1.70201.0/bin/../lib/gcc/arm-none-eabi/7.2.1/thumb/v7-m/crtbegin.o
                0x0000000008005734                PROVIDE (__init_array_end, .)
                0x0000000008005734                . = ALIGN (0x4)

.fini_array     0x0000000008005734        0x4
                0x0000000008005734                . = ALIGN (0x4)
                0x0000000008005734                PROVIDE (__fini_array_start, .)
 *(SORT_BY_NAME(.fini_array.*))
 *(.fini_array*)
 .fini_array    0x0000000008005734        0x4 /home/scallozzo/.platformio/packages/toolchain-gccarmnoneeabi@1.70201.0/bin/../lib/gcc/arm-none-eabi/7.2.1/thumb/v7-m/crtbegin.o
                0x0000000008005738                PROVIDE (__fini_array_end, .)
                0x0000000008005738                . = ALIGN (0x4)
                0x0000000008005738                _sidata = LOADADDR (.data)

.data           0x0000000020000000      0x5a4 load address 0x0000000008005738
                0x0000000020000000                . = ALIGN (0x4)
                0x0000000020000000                _sdata = .
 *(.data)
 *(.data*)
 .data._impure_ptr
                0x0000000020000000        0x4 /home/scallozzo/.platformio/packages/toolchain-gccarmnoneeabi@1.70201.0/bin/../lib/gcc/arm-none-eabi/7.2.1/../../../../arm-none-eabi/lib/thumb/v7-m/libc.a(lib_a-impure.o)
                0x0000000020000000                _impure_ptr
 *fill*         0x0000000020000004        0x4 
 .data.impure_data
                0x0000000020000008      0x428 /home/scallozzo/.platformio/packages/toolchain-gccarmnoneeabi@1.70201.0/bin/../lib/gcc/arm-none-eabi/7.2.1/../../../../arm-none-eabi/lib/thumb/v7-m/libc.a(lib_a-impure.o)
 .data.__atexit_recursive_mutex
                0x0000000020000430        0x4 /home/scallozzo/.platformio/packages/toolchain-gccarmnoneeabi@1.70201.0/bin/../lib/gcc/arm-none-eabi/7.2.1/../../../../arm-none-eabi/lib/thumb/v7-m/libc.a(lib_a-__call_atexit.o)
                0x0000000020000430                __atexit_recursive_mutex
 .data._i2caddr
                0x0000000020000434        0x1 .pio/build/bluepill_f103c8/src/_sh1106.o
 *fill*         0x0000000020000435        0x3 
 .data.__global_locale
                0x0000000020000438      0x16c /home/scallozzo/.platformio/packages/toolchain-gccarmnoneeabi@1.70201.0/bin/../lib/gcc/arm-none-eabi/7.2.1/../../../../arm-none-eabi/lib/thumb/v7-m/libc_nano.a(lib_a-locale.o)
                0x0000000020000438                __global_locale
 *(.RamFunc)
 *(.RamFunc*)
                0x00000000200005a4                . = ALIGN (0x4)
                0x00000000200005a4                _edata = .

.igot.plt       0x00000000200005a4        0x0 load address 0x0000000008005cdc
 .igot.plt      0x00000000200005a4        0x0 /home/scallozzo/.platformio/packages/toolchain-gccarmnoneeabi@1.70201.0/bin/../lib/gcc/arm-none-eabi/7.2.1/thumb/v7-m/crtbegin.o
                0x00000000200005a4                . = ALIGN (0x4)

.bss            0x00000000200005a4     0x2b68 load address 0x0000000008005cdc
                0x00000000200005a4                _sbss = .
                0x00000000200005a4                __bss_start__ = _sbss
 *(.bss)
 .bss           0x00000000200005a4       0x1c /home/scallozzo/.platformio/packages/toolchain-gccarmnoneeabi@1.70201.0/bin/../lib/gcc/arm-none-eabi/7.2.1/thumb/v7-m/crtbegin.o
 *(.bss*)
 .bss.LTProtocol
                0x00000000200005c0       0x7a .pio/build/bluepill_f103c8/src/_ltproto.o
                0x00000000200005c0                LTProtocol
 .bss._tim1.7028
                0x000000002000063a        0x2 .pio/build/bluepill_f103c8/src/_ltproto.o
 .bss.st1st2.7030
                0x000000002000063c        0x1 .pio/build/bluepill_f103c8/src/_ltproto.o
 .bss.xdiv.7007
                0x000000002000063d        0x1 .pio/build/bluepill_f103c8/src/_ltproto.o
 .bss.Mainstatus
                0x000000002000063e        0x2 .pio/build/bluepill_f103c8/src/main.o
 .bss.STM32_UUID
                0x0000000020000640        0xc .pio/build/bluepill_f103c8/src/main.o
                0x0000000020000640                STM32_UUID
 .bss.TimeRunning
                0x000000002000064c        0x4 .pio/build/bluepill_f103c8/src/main.o
                0x000000002000064c                TimeRunning
 .bss.tim.6946  0x0000000020000650        0x4 .pio/build/bluepill_f103c8/src/main.o
 .bss.tim.6948  0x0000000020000654        0x1 .pio/build/bluepill_f103c8/src/main.o
 .bss.xDiv.6932
                0x0000000020000655        0x1 .pio/build/bluepill_f103c8/src/main.o
 .bss.xdiv.6947
                0x0000000020000656        0x1 .pio/build/bluepill_f103c8/src/main.o
 .bss.Configid  0x0000000020000657       0x1f .pio/build/bluepill_f103c8/src/nvstore.o
 *fill*         0x0000000020000676        0x2 
 .bss.SrvCom    0x0000000020000678      0xbcc .pio/build/bluepill_f103c8/src/srvcom.o
 .bss._out.7356
                0x0000000020001244      0x800 .pio/build/bluepill_f103c8/src/srvcom.o
 .bss.debug_timer.7443
                0x0000000020001a44        0x2 .pio/build/bluepill_f103c8/src/srvcom.o
 .bss.exttimer.7475
                0x0000000020001a46        0x2 .pio/build/bluepill_f103c8/src/srvcom.o
 .bss.rx.7459   0x0000000020001a48        0x2 .pio/build/bluepill_f103c8/src/srvcom.o
 .bss.rxpolling.7476
                0x0000000020001a4a        0x1 .pio/build/bluepill_f103c8/src/srvcom.o
 .bss.rxretry   0x0000000020001a4b        0x1 .pio/build/bluepill_f103c8/src/srvcom.o
 .bss.rxtimeout.7447
                0x0000000020001a4c        0x2 .pio/build/bluepill_f103c8/src/srvcom.o
 .bss.timerrx.7449
                0x0000000020001a4e        0x2 .pio/build/bluepill_f103c8/src/srvcom.o
 .bss.timeuptimer.7448
                0x0000000020001a50        0x2 .pio/build/bluepill_f103c8/src/srvcom.o
 *fill*         0x0000000020001a52        0x2 
 .bss.Ticks1us  0x0000000020001a54        0x4 .pio/build/bluepill_f103c8/src/systick.o
 .bss.Timer2_Callback
                0x0000000020001a58        0x4 .pio/build/bluepill_f103c8/src/timer.o
                0x0000000020001a58                Timer2_Callback
 .bss._MainTimerms
                0x0000000020001a5c        0x4 .pio/build/bluepill_f103c8/src/timer.o
 .bss.rx_buf    0x0000000020001a60      0x800 .pio/build/bluepill_f103c8/src/usart.o
 .bss.rx_idx    0x0000000020002260        0x2 .pio/build/bluepill_f103c8/src/usart.o
 *fill*         0x0000000020002262        0x2 
 .bss.__malloc_free_list
                0x0000000020002264        0x4 /home/scallozzo/.platformio/packages/toolchain-gccarmnoneeabi@1.70201.0/bin/../lib/gcc/arm-none-eabi/7.2.1/../../../../arm-none-eabi/lib/thumb/v7-m/libc_nano.a(lib_a-nano-mallocr.o)
                0x0000000020002264                __malloc_free_list
 .bss.__malloc_sbrk_start
                0x0000000020002268        0x4 /home/scallozzo/.platformio/packages/toolchain-gccarmnoneeabi@1.70201.0/bin/../lib/gcc/arm-none-eabi/7.2.1/../../../../arm-none-eabi/lib/thumb/v7-m/libc_nano.a(lib_a-nano-mallocr.o)
                0x0000000020002268                __malloc_sbrk_start
 .bss.heap_end.4102
                0x000000002000226c        0x4 /home/scallozzo/.platformio/packages/toolchain-gccarmnoneeabi@1.70201.0/bin/../lib/gcc/arm-none-eabi/7.2.1/../../../../arm-none-eabi/lib/thumb/v7-m/libnosys.a(sbrk.o)
 *(COMMON)
 COMMON         0x0000000020002270       0x21 /home/scallozzo/.platformio/packages/toolchain-gccarmnoneeabi@1.70201.0/bin/../lib/gcc/arm-none-eabi/7.2.1/../../../../arm-none-eabi/lib/thumb/v7-m/libc.a(lib_a-lock.o)
                0x0000000020002270                __lock___atexit_recursive_mutex
                0x0000000020002274                __lock___arc4random_mutex
                0x0000000020002278                __lock___env_recursive_mutex
                0x000000002000227c                __lock___sinit_recursive_mutex
                0x0000000020002280                __lock___malloc_recursive_mutex
                0x0000000020002284                __lock___at_quick_exit_mutex
                0x0000000020002288                __lock___dd_hash_mutex
                0x000000002000228c                __lock___tz_mutex
                0x0000000020002290                __lock___sfp_recursive_mutex
 COMMON         0x0000000020002291      0xe74 .pio/build/bluepill_f103c8/src/_ltproto.o
                0x0000000020002291                RxLTData
 *fill*         0x0000000020003105        0x3 
 COMMON         0x0000000020003108        0x4 /home/scallozzo/.platformio/packages/toolchain-gccarmnoneeabi@1.70201.0/bin/../lib/gcc/arm-none-eabi/7.2.1/../../../../arm-none-eabi/lib/thumb/v7-m/libc_nano.a(lib_a-reent.o)
                0x0000000020003108                errno
                0x000000002000310c                . = ALIGN (0x4)
                0x000000002000310c                _ebss = .
                0x000000002000310c                __bss_end__ = _ebss

._user_heap_stack
                0x000000002000310c      0x604 load address 0x0000000008005cdc
                0x0000000020003110                . = ALIGN (0x8)
 *fill*         0x000000002000310c        0x4 
                0x0000000020003110                PROVIDE (end, .)
                [!provide]                        PROVIDE (_end, .)
                0x0000000020003310                . = (. + _Min_Heap_Size)
 *fill*         0x0000000020003110      0x200 
                0x0000000020003710                . = (. + _Min_Stack_Size)
 *fill*         0x0000000020003310      0x400 
                0x0000000020003710                . = ALIGN (0x8)

/DISCARD/
 libc.a(*)
 libm.a(*)
 libgcc.a(*)

.ARM.attributes
                0x0000000000000000       0x29
 *(.ARM.attributes)
 .ARM.attributes
                0x0000000000000000       0x1d /home/scallozzo/.platformio/packages/toolchain-gccarmnoneeabi@1.70201.0/bin/../lib/gcc/arm-none-eabi/7.2.1/thumb/v7-m/crti.o
 .ARM.attributes
                0x000000000000001d       0x2d /home/scallozzo/.platformio/packages/toolchain-gccarmnoneeabi@1.70201.0/bin/../lib/gcc/arm-none-eabi/7.2.1/thumb/v7-m/crtbegin.o
 .ARM.attributes
                0x000000000000004a       0x21 .pio/build/bluepill_f103c8/FrameworkCMSIS/gcc/startup_stm32f103xb.o
 .ARM.attributes
                0x000000000000006b       0x33 .pio/build/bluepill_f103c8/FrameworkCMSIS/system_stm32f1xx.o
 .ARM.attributes
                0x000000000000009e       0x33 .pio/build/bluepill_f103c8/src/_47l16.o
 .ARM.attributes
                0x00000000000000d1       0x33 .pio/build/bluepill_f103c8/src/_ltproto.o
 .ARM.attributes
                0x0000000000000104       0x33 .pio/build/bluepill_f103c8/src/_sh1106.o
 .ARM.attributes
                0x0000000000000137       0x33 .pio/build/bluepill_f103c8/src/_wireone.o
 .ARM.attributes
                0x000000000000016a       0x33 .pio/build/bluepill_f103c8/src/adc.o
 .ARM.attributes
                0x000000000000019d       0x33 .pio/build/bluepill_f103c8/src/flashmem.o
 .ARM.attributes
                0x00000000000001d0       0x33 .pio/build/bluepill_f103c8/src/fw_version.o
 .ARM.attributes
                0x0000000000000203       0x33 .pio/build/bluepill_f103c8/src/i2cmaster.o
 .ARM.attributes
                0x0000000000000236       0x33 .pio/build/bluepill_f103c8/src/main.o
 .ARM.attributes
                0x0000000000000269       0x33 .pio/build/bluepill_f103c8/src/nvstore.o
 .ARM.attributes
                0x000000000000029c       0x33 .pio/build/bluepill_f103c8/src/pwm.o
 .ARM.attributes
                0x00000000000002cf       0x33 .pio/build/bluepill_f103c8/src/si2c.o
 .ARM.attributes
                0x0000000000000302       0x33 .pio/build/bluepill_f103c8/src/spimaster.o
 .ARM.attributes
                0x0000000000000335       0x33 .pio/build/bluepill_f103c8/src/srvcom.o
 .ARM.attributes
                0x0000000000000368       0x33 .pio/build/bluepill_f103c8/src/sx1278.o
 .ARM.attributes
                0x000000000000039b       0x33 .pio/build/bluepill_f103c8/src/systick.o
 .ARM.attributes
                0x00000000000003ce       0x33 .pio/build/bluepill_f103c8/src/timer.o
 .ARM.attributes
                0x0000000000000401       0x33 .pio/build/bluepill_f103c8/src/usart.o
 .ARM.attributes
                0x0000000000000434       0x2d /home/scallozzo/.platformio/packages/toolchain-gccarmnoneeabi@1.70201.0/bin/../lib/gcc/arm-none-eabi/7.2.1/../../../../arm-none-eabi/lib/thumb/v7-m/libc_nano.a(lib_a-atoi.o)
 .ARM.attributes
                0x0000000000000461       0x2d /home/scallozzo/.platformio/packages/toolchain-gccarmnoneeabi@1.70201.0/bin/../lib/gcc/arm-none-eabi/7.2.1/../../../../arm-none-eabi/lib/thumb/v7-m/libc_nano.a(lib_a-locale.o)
 .ARM.attributes
                0x000000000000048e       0x2d /home/scallozzo/.platformio/packages/toolchain-gccarmnoneeabi@1.70201.0/bin/../lib/gcc/arm-none-eabi/7.2.1/../../../../arm-none-eabi/lib/thumb/v7-m/libc_nano.a(lib_a-mbtowc_r.o)
 .ARM.attributes
                0x00000000000004bb       0x2d /home/scallozzo/.platformio/packages/toolchain-gccarmnoneeabi@1.70201.0/bin/../lib/gcc/arm-none-eabi/7.2.1/../../../../arm-none-eabi/lib/thumb/v7-m/libc_nano.a(lib_a-memcmp.o)
 .ARM.attributes
                0x00000000000004e8       0x2d /home/scallozzo/.platformio/packages/toolchain-gccarmnoneeabi@1.70201.0/bin/../lib/gcc/arm-none-eabi/7.2.1/../../../../arm-none-eabi/lib/thumb/v7-m/libc_nano.a(lib_a-memcpy-stub.o)
 .ARM.attributes
                0x0000000000000515       0x2d /home/scallozzo/.platformio/packages/toolchain-gccarmnoneeabi@1.70201.0/bin/../lib/gcc/arm-none-eabi/7.2.1/../../../../arm-none-eabi/lib/thumb/v7-m/libc_nano.a(lib_a-printf.o)
 .ARM.attributes
                0x0000000000000542       0x2d /home/scallozzo/.platformio/packages/toolchain-gccarmnoneeabi@1.70201.0/bin/../lib/gcc/arm-none-eabi/7.2.1/../../../../arm-none-eabi/lib/thumb/v7-m/libc_nano.a(lib_a-putchar.o)
 .ARM.attributes
                0x000000000000056f       0x2d /home/scallozzo/.platformio/packages/toolchain-gccarmnoneeabi@1.70201.0/bin/../lib/gcc/arm-none-eabi/7.2.1/../../../../arm-none-eabi/lib/thumb/v7-m/libc_nano.a(lib_a-puts.o)
 .ARM.attributes
                0x000000000000059c       0x2d /home/scallozzo/.platformio/packages/toolchain-gccarmnoneeabi@1.70201.0/bin/../lib/gcc/arm-none-eabi/7.2.1/../../../../arm-none-eabi/lib/thumb/v7-m/libc_nano.a(lib_a-sprintf.o)
 .ARM.attributes
                0x00000000000005c9       0x17 /home/scallozzo/.platformio/packages/toolchain-gccarmnoneeabi@1.70201.0/bin/../lib/gcc/arm-none-eabi/7.2.1/../../../../arm-none-eabi/lib/thumb/v7-m/libc_nano.a(lib_a-strlen.o)
 .ARM.attributes
                0x00000000000005e0       0x2d /home/scallozzo/.platformio/packages/toolchain-gccarmnoneeabi@1.70201.0/bin/../lib/gcc/arm-none-eabi/7.2.1/../../../../arm-none-eabi/lib/thumb/v7-m/libc_nano.a(lib_a-strtok.o)
 .ARM.attributes
                0x000000000000060d       0x2d /home/scallozzo/.platformio/packages/toolchain-gccarmnoneeabi@1.70201.0/bin/../lib/gcc/arm-none-eabi/7.2.1/../../../../arm-none-eabi/lib/thumb/v7-m/libc_nano.a(lib_a-strtok_r.o)
 .ARM.attributes
                0x000000000000063a       0x2d /home/scallozzo/.platformio/packages/toolchain-gccarmnoneeabi@1.70201.0/bin/../lib/gcc/arm-none-eabi/7.2.1/../../../../arm-none-eabi/lib/thumb/v7-m/libc_nano.a(lib_a-strtol.o)
 .ARM.attributes
                0x0000000000000667       0x2d /home/scallozzo/.platformio/packages/toolchain-gccarmnoneeabi@1.70201.0/bin/../lib/gcc/arm-none-eabi/7.2.1/../../../../arm-none-eabi/lib/thumb/v7-m/libc_nano.a(lib_a-vsnprintf.o)
 .ARM.attributes
                0x0000000000000694       0x2d /home/scallozzo/.platformio/packages/toolchain-gccarmnoneeabi@1.70201.0/bin/../lib/gcc/arm-none-eabi/7.2.1/../../../../arm-none-eabi/lib/thumb/v7-m/libc_nano.a(lib_a-wbuf.o)
 .ARM.attributes
                0x00000000000006c1       0x2d /home/scallozzo/.platformio/packages/toolchain-gccarmnoneeabi@1.70201.0/bin/../lib/gcc/arm-none-eabi/7.2.1/../../../../arm-none-eabi/lib/thumb/v7-m/libc_nano.a(lib_a-wctomb_r.o)
 .ARM.attributes
                0x00000000000006ee       0x2d /home/scallozzo/.platformio/packages/toolchain-gccarmnoneeabi@1.70201.0/bin/../lib/gcc/arm-none-eabi/7.2.1/../../../../arm-none-eabi/lib/thumb/v7-m/libc_nano.a(lib_a-wsetup.o)
 .ARM.attributes
                0x000000000000071b       0x2d /home/scallozzo/.platformio/packages/toolchain-gccarmnoneeabi@1.70201.0/bin/../lib/gcc/arm-none-eabi/7.2.1/../../../../arm-none-eabi/lib/thumb/v7-m/libc_nano.a(lib_a-ctype_.o)
 .ARM.attributes
                0x0000000000000748       0x2d /home/scallozzo/.platformio/packages/toolchain-gccarmnoneeabi@1.70201.0/bin/../lib/gcc/arm-none-eabi/7.2.1/../../../../arm-none-eabi/lib/thumb/v7-m/libc_nano.a(lib_a-fflush.o)
 .ARM.attributes
                0x0000000000000775       0x2d /home/scallozzo/.platformio/packages/toolchain-gccarmnoneeabi@1.70201.0/bin/../lib/gcc/arm-none-eabi/7.2.1/../../../../arm-none-eabi/lib/thumb/v7-m/libc_nano.a(lib_a-findfp.o)
 .ARM.attributes
                0x00000000000007a2       0x2d /home/scallozzo/.platformio/packages/toolchain-gccarmnoneeabi@1.70201.0/bin/../lib/gcc/arm-none-eabi/7.2.1/../../../../arm-none-eabi/lib/thumb/v7-m/libc_nano.a(lib_a-fwalk.o)
 .ARM.attributes
                0x00000000000007cf       0x2d /home/scallozzo/.platformio/packages/toolchain-gccarmnoneeabi@1.70201.0/bin/../lib/gcc/arm-none-eabi/7.2.1/../../../../arm-none-eabi/lib/thumb/v7-m/libc_nano.a(lib_a-makebuf.o)
 .ARM.attributes
                0x00000000000007fc       0x2d /home/scallozzo/.platformio/packages/toolchain-gccarmnoneeabi@1.70201.0/bin/../lib/gcc/arm-none-eabi/7.2.1/../../../../arm-none-eabi/lib/thumb/v7-m/libc_nano.a(lib_a-malloc.o)
 .ARM.attributes
                0x0000000000000829       0x2d /home/scallozzo/.platformio/packages/toolchain-gccarmnoneeabi@1.70201.0/bin/../lib/gcc/arm-none-eabi/7.2.1/../../../../arm-none-eabi/lib/thumb/v7-m/libc_nano.a(lib_a-nano-freer.o)
 .ARM.attributes
                0x0000000000000856       0x2d /home/scallozzo/.platformio/packages/toolchain-gccarmnoneeabi@1.70201.0/bin/../lib/gcc/arm-none-eabi/7.2.1/../../../../arm-none-eabi/lib/thumb/v7-m/libc_nano.a(lib_a-nano-mallocr.o)
 .ARM.attributes
                0x0000000000000883       0x2d /home/scallozzo/.platformio/packages/toolchain-gccarmnoneeabi@1.70201.0/bin/../lib/gcc/arm-none-eabi/7.2.1/../../../../arm-none-eabi/lib/thumb/v7-m/libc_nano.a(lib_a-nano-svfprintf.o)
 .ARM.attributes
                0x00000000000008b0       0x2d /home/scallozzo/.platformio/packages/toolchain-gccarmnoneeabi@1.70201.0/bin/../lib/gcc/arm-none-eabi/7.2.1/../../../../arm-none-eabi/lib/thumb/v7-m/libc_nano.a(lib_a-nano-vfprintf.o)
 .ARM.attributes
                0x00000000000008dd       0x2d /home/scallozzo/.platformio/packages/toolchain-gccarmnoneeabi@1.70201.0/bin/../lib/gcc/arm-none-eabi/7.2.1/../../../../arm-none-eabi/lib/thumb/v7-m/libc_nano.a(lib_a-nano-vfprintf_i.o)
 .ARM.attributes
                0x000000000000090a       0x2d /home/scallozzo/.platformio/packages/toolchain-gccarmnoneeabi@1.70201.0/bin/../lib/gcc/arm-none-eabi/7.2.1/../../../../arm-none-eabi/lib/thumb/v7-m/libc_nano.a(lib_a-putc.o)
 .ARM.attributes
                0x0000000000000937       0x2d /home/scallozzo/.platformio/packages/toolchain-gccarmnoneeabi@1.70201.0/bin/../lib/gcc/arm-none-eabi/7.2.1/../../../../arm-none-eabi/lib/thumb/v7-m/libc_nano.a(lib_a-sbrkr.o)
 .ARM.attributes
                0x0000000000000964       0x2d /home/scallozzo/.platformio/packages/toolchain-gccarmnoneeabi@1.70201.0/bin/../lib/gcc/arm-none-eabi/7.2.1/../../../../arm-none-eabi/lib/thumb/v7-m/libc_nano.a(lib_a-stdio.o)
 .ARM.attributes
                0x0000000000000991       0x2d /home/scallozzo/.platformio/packages/toolchain-gccarmnoneeabi@1.70201.0/bin/../lib/gcc/arm-none-eabi/7.2.1/../../../../arm-none-eabi/lib/thumb/v7-m/libc_nano.a(lib_a-writer.o)
 .ARM.attributes
                0x00000000000009be       0x2d /home/scallozzo/.platformio/packages/toolchain-gccarmnoneeabi@1.70201.0/bin/../lib/gcc/arm-none-eabi/7.2.1/../../../../arm-none-eabi/lib/thumb/v7-m/libc_nano.a(lib_a-closer.o)
 .ARM.attributes
                0x00000000000009eb       0x2d /home/scallozzo/.platformio/packages/toolchain-gccarmnoneeabi@1.70201.0/bin/../lib/gcc/arm-none-eabi/7.2.1/../../../../arm-none-eabi/lib/thumb/v7-m/libc_nano.a(lib_a-fstatr.o)
 .ARM.attributes
                0x0000000000000a18       0x2d /home/scallozzo/.platformio/packages/toolchain-gccarmnoneeabi@1.70201.0/bin/../lib/gcc/arm-none-eabi/7.2.1/../../../../arm-none-eabi/lib/thumb/v7-m/libc_nano.a(lib_a-isattyr.o)
 .ARM.attributes
                0x0000000000000a45       0x2d /home/scallozzo/.platformio/packages/toolchain-gccarmnoneeabi@1.70201.0/bin/../lib/gcc/arm-none-eabi/7.2.1/../../../../arm-none-eabi/lib/thumb/v7-m/libc_nano.a(lib_a-lseekr.o)
 .ARM.attributes
                0x0000000000000a72       0x2d /home/scallozzo/.platformio/packages/toolchain-gccarmnoneeabi@1.70201.0/bin/../lib/gcc/arm-none-eabi/7.2.1/../../../../arm-none-eabi/lib/thumb/v7-m/libc_nano.a(lib_a-memchr-stub.o)
 .ARM.attributes
                0x0000000000000a9f       0x2d /home/scallozzo/.platformio/packages/toolchain-gccarmnoneeabi@1.70201.0/bin/../lib/gcc/arm-none-eabi/7.2.1/../../../../arm-none-eabi/lib/thumb/v7-m/libc_nano.a(lib_a-memmove.o)
 .ARM.attributes
                0x0000000000000acc       0x2d /home/scallozzo/.platformio/packages/toolchain-gccarmnoneeabi@1.70201.0/bin/../lib/gcc/arm-none-eabi/7.2.1/../../../../arm-none-eabi/lib/thumb/v7-m/libc_nano.a(lib_a-mlock.o)
 .ARM.attributes
                0x0000000000000af9       0x2d /home/scallozzo/.platformio/packages/toolchain-gccarmnoneeabi@1.70201.0/bin/../lib/gcc/arm-none-eabi/7.2.1/../../../../arm-none-eabi/lib/thumb/v7-m/libc_nano.a(lib_a-nano-reallocr.o)
 .ARM.attributes
                0x0000000000000b26       0x2d /home/scallozzo/.platformio/packages/toolchain-gccarmnoneeabi@1.70201.0/bin/../lib/gcc/arm-none-eabi/7.2.1/../../../../arm-none-eabi/lib/thumb/v7-m/libc_nano.a(lib_a-readr.o)
 .ARM.attributes
                0x0000000000000b53       0x2d /home/scallozzo/.platformio/packages/toolchain-gccarmnoneeabi@1.70201.0/bin/../lib/gcc/arm-none-eabi/7.2.1/../../../../arm-none-eabi/lib/thumb/v7-m/libc_nano.a(lib_a-reent.o)
 .ARM.attributes
                0x0000000000000b80       0x2d /home/scallozzo/.platformio/packages/toolchain-gccarmnoneeabi@1.70201.0/bin/../lib/gcc/arm-none-eabi/7.2.1/../../../../arm-none-eabi/lib/thumb/v7-m/libc_nano.a(lib_a-nano-msizer.o)
 .ARM.attributes
                0x0000000000000bad       0x2d /home/scallozzo/.platformio/packages/toolchain-gccarmnoneeabi@1.70201.0/bin/../lib/gcc/arm-none-eabi/7.2.1/../../../../arm-none-eabi/lib/thumb/v7-m/libnosys.a(close.o)
 .ARM.attributes
                0x0000000000000bda       0x2d /home/scallozzo/.platformio/packages/toolchain-gccarmnoneeabi@1.70201.0/bin/../lib/gcc/arm-none-eabi/7.2.1/../../../../arm-none-eabi/lib/thumb/v7-m/libnosys.a(fstat.o)
 .ARM.attributes
                0x0000000000000c07       0x2d /home/scallozzo/.platformio/packages/toolchain-gccarmnoneeabi@1.70201.0/bin/../lib/gcc/arm-none-eabi/7.2.1/../../../../arm-none-eabi/lib/thumb/v7-m/libnosys.a(isatty.o)
 .ARM.attributes
                0x0000000000000c34       0x2d /home/scallozzo/.platformio/packages/toolchain-gccarmnoneeabi@1.70201.0/bin/../lib/gcc/arm-none-eabi/7.2.1/../../../../arm-none-eabi/lib/thumb/v7-m/libnosys.a(lseek.o)
 .ARM.attributes
                0x0000000000000c61       0x2d /home/scallozzo/.platformio/packages/toolchain-gccarmnoneeabi@1.70201.0/bin/../lib/gcc/arm-none-eabi/7.2.1/../../../../arm-none-eabi/lib/thumb/v7-m/libnosys.a(read.o)
 .ARM.attributes
                0x0000000000000c8e       0x2d /home/scallozzo/.platformio/packages/toolchain-gccarmnoneeabi@1.70201.0/bin/../lib/gcc/arm-none-eabi/7.2.1/../../../../arm-none-eabi/lib/thumb/v7-m/libnosys.a(sbrk.o)
 .ARM.attributes
                0x0000000000000cbb       0x1d /home/scallozzo/.platformio/packages/toolchain-gccarmnoneeabi@1.70201.0/bin/../lib/gcc/arm-none-eabi/7.2.1/thumb/v7-m/crtn.o
LOAD .pio/build/bluepill_f103c8/FrameworkCMSIS/gcc/startup_stm32f103xb.o
LOAD .pio/build/bluepill_f103c8/FrameworkCMSIS/system_stm32f1xx.o
LOAD .pio/build/bluepill_f103c8/src/_24c256.o
LOAD .pio/build/bluepill_f103c8/src/_47l16.o
LOAD .pio/build/bluepill_f103c8/src/_ltproto.o
LOAD .pio/build/bluepill_f103c8/src/_sh1106.o
LOAD .pio/build/bluepill_f103c8/src/_wireone.o
LOAD .pio/build/bluepill_f103c8/src/adc.o
LOAD .pio/build/bluepill_f103c8/src/flashmem.o
LOAD .pio/build/bluepill_f103c8/src/fw_version.o
LOAD .pio/build/bluepill_f103c8/src/i2cmaster.o
LOAD .pio/build/bluepill_f103c8/src/main.o
LOAD .pio/build/bluepill_f103c8/src/nvstore.o
LOAD .pio/build/bluepill_f103c8/src/pwm.o
LOAD .pio/build/bluepill_f103c8/src/si2c.o
LOAD .pio/build/bluepill_f103c8/src/spimaster.o
LOAD .pio/build/bluepill_f103c8/src/srvcom.o
LOAD .pio/build/bluepill_f103c8/src/sx1278.o
LOAD .pio/build/bluepill_f103c8/src/systick.o
LOAD .pio/build/bluepill_f103c8/src/timer.o
LOAD .pio/build/bluepill_f103c8/src/usart.o
START GROUP
LOAD /home/scallozzo/.platformio/packages/toolchain-gccarmnoneeabi@1.70201.0/bin/../lib/gcc/arm-none-eabi/7.2.1/../../../../arm-none-eabi/lib/thumb/v7-m/libc_nano.a
LOAD /home/scallozzo/.platformio/packages/toolchain-gccarmnoneeabi@1.70201.0/bin/../lib/gcc/arm-none-eabi/7.2.1/thumb/v7-m/libgcc.a
LOAD /home/scallozzo/.platformio/packages/toolchain-gccarmnoneeabi@1.70201.0/bin/../lib/gcc/arm-none-eabi/7.2.1/../../../../arm-none-eabi/lib/thumb/v7-m/libm.a
LOAD /home/scallozzo/.platformio/packages/toolchain-gccarmnoneeabi@1.70201.0/bin/../lib/gcc/arm-none-eabi/7.2.1/../../../../arm-none-eabi/lib/thumb/v7-m/libstdc++_nano.a
END GROUP
START GROUP
LOAD /home/scallozzo/.platformio/packages/toolchain-gccarmnoneeabi@1.70201.0/bin/../lib/gcc/arm-none-eabi/7.2.1/thumb/v7-m/libgcc.a
LOAD /home/scallozzo/.platformio/packages/toolchain-gccarmnoneeabi@1.70201.0/bin/../lib/gcc/arm-none-eabi/7.2.1/../../../../arm-none-eabi/lib/thumb/v7-m/libc_nano.a
END GROUP
START GROUP
LOAD /home/scallozzo/.platformio/packages/toolchain-gccarmnoneeabi@1.70201.0/bin/../lib/gcc/arm-none-eabi/7.2.1/thumb/v7-m/libgcc.a
LOAD /home/scallozzo/.platformio/packages/toolchain-gccarmnoneeabi@1.70201.0/bin/../lib/gcc/arm-none-eabi/7.2.1/../../../../arm-none-eabi/lib/thumb/v7-m/libc_nano.a
LOAD /home/scallozzo/.platformio/packages/toolchain-gccarmnoneeabi@1.70201.0/bin/../lib/gcc/arm-none-eabi/7.2.1/../../../../arm-none-eabi/lib/thumb/v7-m/libnosys.a
END GROUP
START GROUP
LOAD /home/scallozzo/.platformio/packages/toolchain-gccarmnoneeabi@1.70201.0/bin/../lib/gcc/arm-none-eabi/7.2.1/thumb/v7-m/libgcc.a
LOAD /home/scallozzo/.platformio/packages/toolchain-gccarmnoneeabi@1.70201.0/bin/../lib/gcc/arm-none-eabi/7.2.1/../../../../arm-none-eabi/lib/thumb/v7-m/libc_nano.a
LOAD /home/scallozzo/.platformio/packages/toolchain-gccarmnoneeabi@1.70201.0/bin/../lib/gcc/arm-none-eabi/7.2.1/../../../../arm-none-eabi/lib/thumb/v7-m/libnosys.a
END GROUP
LOAD /home/scallozzo/.platformio/packages/toolchain-gccarmnoneeabi@1.70201.0/bin/../lib/gcc/arm-none-eabi/7.2.1/thumb/v7-m/crtend.o
LOAD /home/scallozzo/.platformio/packages/toolchain-gccarmnoneeabi@1.70201.0/bin/../lib/gcc/arm-none-eabi/7.2.1/thumb/v7-m/crtn.o
OUTPUT(.pio/build/bluepill_f103c8/firmware.elf elf32-littlearm)

.comment        0x0000000000000000       0x7e
 .comment       0x0000000000000000       0x7e .pio/build/bluepill_f103c8/FrameworkCMSIS/system_stm32f1xx.o
                                         0x7f (size before relaxing)
 .comment       0x000000000000007e       0x7f .pio/build/bluepill_f103c8/src/_47l16.o
 .comment       0x000000000000007e       0x7f .pio/build/bluepill_f103c8/src/_ltproto.o
 .comment       0x000000000000007e       0x7f .pio/build/bluepill_f103c8/src/_sh1106.o
 .comment       0x000000000000007e       0x7f .pio/build/bluepill_f103c8/src/_wireone.o
 .comment       0x000000000000007e       0x7f .pio/build/bluepill_f103c8/src/adc.o
 .comment       0x000000000000007e       0x7f .pio/build/bluepill_f103c8/src/flashmem.o
 .comment       0x000000000000007e       0x7f .pio/build/bluepill_f103c8/src/fw_version.o
 .comment       0x000000000000007e       0x7f .pio/build/bluepill_f103c8/src/i2cmaster.o
 .comment       0x000000000000007e       0x7f .pio/build/bluepill_f103c8/src/main.o
 .comment       0x000000000000007e       0x7f .pio/build/bluepill_f103c8/src/nvstore.o
 .comment       0x000000000000007e       0x7f .pio/build/bluepill_f103c8/src/pwm.o
 .comment       0x000000000000007e       0x7f .pio/build/bluepill_f103c8/src/si2c.o
 .comment       0x000000000000007e       0x7f .pio/build/bluepill_f103c8/src/spimaster.o
 .comment       0x000000000000007e       0x7f .pio/build/bluepill_f103c8/src/srvcom.o
 .comment       0x000000000000007e       0x7f .pio/build/bluepill_f103c8/src/sx1278.o
 .comment       0x000000000000007e       0x7f .pio/build/bluepill_f103c8/src/systick.o
 .comment       0x000000000000007e       0x7f .pio/build/bluepill_f103c8/src/timer.o
 .comment       0x000000000000007e       0x7f .pio/build/bluepill_f103c8/src/usart.o

.debug_frame    0x0000000000000000      0xcf4
 .debug_frame   0x0000000000000000       0x30 /home/scallozzo/.platformio/packages/toolchain-gccarmnoneeabi@1.70201.0/bin/../lib/gcc/arm-none-eabi/7.2.1/../../../../arm-none-eabi/lib/thumb/v7-m/libc_nano.a(lib_a-atoi.o)
 .debug_frame   0x0000000000000030       0x68 /home/scallozzo/.platformio/packages/toolchain-gccarmnoneeabi@1.70201.0/bin/../lib/gcc/arm-none-eabi/7.2.1/../../../../arm-none-eabi/lib/thumb/v7-m/libc_nano.a(lib_a-locale.o)
 .debug_frame   0x0000000000000098       0x48 /home/scallozzo/.platformio/packages/toolchain-gccarmnoneeabi@1.70201.0/bin/../lib/gcc/arm-none-eabi/7.2.1/../../../../arm-none-eabi/lib/thumb/v7-m/libc_nano.a(lib_a-mbtowc_r.o)
 .debug_frame   0x00000000000000e0       0x2c /home/scallozzo/.platformio/packages/toolchain-gccarmnoneeabi@1.70201.0/bin/../lib/gcc/arm-none-eabi/7.2.1/../../../../arm-none-eabi/lib/thumb/v7-m/libc_nano.a(lib_a-memcmp.o)
 .debug_frame   0x000000000000010c       0x28 /home/scallozzo/.platformio/packages/toolchain-gccarmnoneeabi@1.70201.0/bin/../lib/gcc/arm-none-eabi/7.2.1/../../../../arm-none-eabi/lib/thumb/v7-m/libc_nano.a(lib_a-memcpy-stub.o)
 .debug_frame   0x0000000000000134       0x74 /home/scallozzo/.platformio/packages/toolchain-gccarmnoneeabi@1.70201.0/bin/../lib/gcc/arm-none-eabi/7.2.1/../../../../arm-none-eabi/lib/thumb/v7-m/libc_nano.a(lib_a-printf.o)
 .debug_frame   0x00000000000001a8       0x58 /home/scallozzo/.platformio/packages/toolchain-gccarmnoneeabi@1.70201.0/bin/../lib/gcc/arm-none-eabi/7.2.1/../../../../arm-none-eabi/lib/thumb/v7-m/libc_nano.a(lib_a-putchar.o)
 .debug_frame   0x0000000000000200       0x3c /home/scallozzo/.platformio/packages/toolchain-gccarmnoneeabi@1.70201.0/bin/../lib/gcc/arm-none-eabi/7.2.1/../../../../arm-none-eabi/lib/thumb/v7-m/libc_nano.a(lib_a-puts.o)
 .debug_frame   0x000000000000023c       0x6c /home/scallozzo/.platformio/packages/toolchain-gccarmnoneeabi@1.70201.0/bin/../lib/gcc/arm-none-eabi/7.2.1/../../../../arm-none-eabi/lib/thumb/v7-m/libc_nano.a(lib_a-sprintf.o)
 .debug_frame   0x00000000000002a8       0x38 /home/scallozzo/.platformio/packages/toolchain-gccarmnoneeabi@1.70201.0/bin/../lib/gcc/arm-none-eabi/7.2.1/../../../../arm-none-eabi/lib/thumb/v7-m/libc_nano.a(lib_a-strtok.o)
 .debug_frame   0x00000000000002e0       0x40 /home/scallozzo/.platformio/packages/toolchain-gccarmnoneeabi@1.70201.0/bin/../lib/gcc/arm-none-eabi/7.2.1/../../../../arm-none-eabi/lib/thumb/v7-m/libc_nano.a(lib_a-strtok_r.o)
 .debug_frame   0x0000000000000320       0x84 /home/scallozzo/.platformio/packages/toolchain-gccarmnoneeabi@1.70201.0/bin/../lib/gcc/arm-none-eabi/7.2.1/../../../../arm-none-eabi/lib/thumb/v7-m/libc_nano.a(lib_a-strtol.o)
 .debug_frame   0x00000000000003a4       0x4c /home/scallozzo/.platformio/packages/toolchain-gccarmnoneeabi@1.70201.0/bin/../lib/gcc/arm-none-eabi/7.2.1/../../../../arm-none-eabi/lib/thumb/v7-m/libc_nano.a(lib_a-vsnprintf.o)
 .debug_frame   0x00000000000003f0       0x40 /home/scallozzo/.platformio/packages/toolchain-gccarmnoneeabi@1.70201.0/bin/../lib/gcc/arm-none-eabi/7.2.1/../../../../arm-none-eabi/lib/thumb/v7-m/libc_nano.a(lib_a-wbuf.o)
 .debug_frame   0x0000000000000430       0x3c /home/scallozzo/.platformio/packages/toolchain-gccarmnoneeabi@1.70201.0/bin/../lib/gcc/arm-none-eabi/7.2.1/../../../../arm-none-eabi/lib/thumb/v7-m/libc_nano.a(lib_a-wctomb_r.o)
 .debug_frame   0x000000000000046c       0x2c /home/scallozzo/.platformio/packages/toolchain-gccarmnoneeabi@1.70201.0/bin/../lib/gcc/arm-none-eabi/7.2.1/../../../../arm-none-eabi/lib/thumb/v7-m/libc_nano.a(lib_a-wsetup.o)
 .debug_frame   0x0000000000000498       0x68 /home/scallozzo/.platformio/packages/toolchain-gccarmnoneeabi@1.70201.0/bin/../lib/gcc/arm-none-eabi/7.2.1/../../../../arm-none-eabi/lib/thumb/v7-m/libc_nano.a(lib_a-fflush.o)
 .debug_frame   0x0000000000000500      0x11c /home/scallozzo/.platformio/packages/toolchain-gccarmnoneeabi@1.70201.0/bin/../lib/gcc/arm-none-eabi/7.2.1/../../../../arm-none-eabi/lib/thumb/v7-m/libc_nano.a(lib_a-findfp.o)
 .debug_frame   0x000000000000061c       0x54 /home/scallozzo/.platformio/packages/toolchain-gccarmnoneeabi@1.70201.0/bin/../lib/gcc/arm-none-eabi/7.2.1/../../../../arm-none-eabi/lib/thumb/v7-m/libc_nano.a(lib_a-fwalk.o)
 .debug_frame   0x0000000000000670       0x58 /home/scallozzo/.platformio/packages/toolchain-gccarmnoneeabi@1.70201.0/bin/../lib/gcc/arm-none-eabi/7.2.1/../../../../arm-none-eabi/lib/thumb/v7-m/libc_nano.a(lib_a-makebuf.o)
 .debug_frame   0x00000000000006c8       0x30 /home/scallozzo/.platformio/packages/toolchain-gccarmnoneeabi@1.70201.0/bin/../lib/gcc/arm-none-eabi/7.2.1/../../../../arm-none-eabi/lib/thumb/v7-m/libc_nano.a(lib_a-malloc.o)
 .debug_frame   0x00000000000006f8       0x38 /home/scallozzo/.platformio/packages/toolchain-gccarmnoneeabi@1.70201.0/bin/../lib/gcc/arm-none-eabi/7.2.1/../../../../arm-none-eabi/lib/thumb/v7-m/libc_nano.a(lib_a-nano-freer.o)
 .debug_frame   0x0000000000000730       0x2c /home/scallozzo/.platformio/packages/toolchain-gccarmnoneeabi@1.70201.0/bin/../lib/gcc/arm-none-eabi/7.2.1/../../../../arm-none-eabi/lib/thumb/v7-m/libc_nano.a(lib_a-nano-mallocr.o)
 .debug_frame   0x000000000000075c       0x90 /home/scallozzo/.platformio/packages/toolchain-gccarmnoneeabi@1.70201.0/bin/../lib/gcc/arm-none-eabi/7.2.1/../../../../arm-none-eabi/lib/thumb/v7-m/libc_nano.a(lib_a-nano-svfprintf.o)
 .debug_frame   0x00000000000007ec       0xac /home/scallozzo/.platformio/packages/toolchain-gccarmnoneeabi@1.70201.0/bin/../lib/gcc/arm-none-eabi/7.2.1/../../../../arm-none-eabi/lib/thumb/v7-m/libc_nano.a(lib_a-nano-vfprintf.o)
 .debug_frame   0x0000000000000898       0x60 /home/scallozzo/.platformio/packages/toolchain-gccarmnoneeabi@1.70201.0/bin/../lib/gcc/arm-none-eabi/7.2.1/../../../../arm-none-eabi/lib/thumb/v7-m/libc_nano.a(lib_a-nano-vfprintf_i.o)
 .debug_frame   0x00000000000008f8       0x48 /home/scallozzo/.platformio/packages/toolchain-gccarmnoneeabi@1.70201.0/bin/../lib/gcc/arm-none-eabi/7.2.1/../../../../arm-none-eabi/lib/thumb/v7-m/libc_nano.a(lib_a-putc.o)
 .debug_frame   0x0000000000000940       0x2c /home/scallozzo/.platformio/packages/toolchain-gccarmnoneeabi@1.70201.0/bin/../lib/gcc/arm-none-eabi/7.2.1/../../../../arm-none-eabi/lib/thumb/v7-m/libc_nano.a(lib_a-sbrkr.o)
 .debug_frame   0x000000000000096c       0x88 /home/scallozzo/.platformio/packages/toolchain-gccarmnoneeabi@1.70201.0/bin/../lib/gcc/arm-none-eabi/7.2.1/../../../../arm-none-eabi/lib/thumb/v7-m/libc_nano.a(lib_a-stdio.o)
 .debug_frame   0x00000000000009f4       0x2c /home/scallozzo/.platformio/packages/toolchain-gccarmnoneeabi@1.70201.0/bin/../lib/gcc/arm-none-eabi/7.2.1/../../../../arm-none-eabi/lib/thumb/v7-m/libc_nano.a(lib_a-writer.o)
 .debug_frame   0x0000000000000a20       0x2c /home/scallozzo/.platformio/packages/toolchain-gccarmnoneeabi@1.70201.0/bin/../lib/gcc/arm-none-eabi/7.2.1/../../../../arm-none-eabi/lib/thumb/v7-m/libc_nano.a(lib_a-closer.o)
 .debug_frame   0x0000000000000a4c       0x2c /home/scallozzo/.platformio/packages/toolchain-gccarmnoneeabi@1.70201.0/bin/../lib/gcc/arm-none-eabi/7.2.1/../../../../arm-none-eabi/lib/thumb/v7-m/libc_nano.a(lib_a-fstatr.o)
 .debug_frame   0x0000000000000a78       0x2c /home/scallozzo/.platformio/packages/toolchain-gccarmnoneeabi@1.70201.0/bin/../lib/gcc/arm-none-eabi/7.2.1/../../../../arm-none-eabi/lib/thumb/v7-m/libc_nano.a(lib_a-isattyr.o)
 .debug_frame   0x0000000000000aa4       0x2c /home/scallozzo/.platformio/packages/toolchain-gccarmnoneeabi@1.70201.0/bin/../lib/gcc/arm-none-eabi/7.2.1/../../../../arm-none-eabi/lib/thumb/v7-m/libc_nano.a(lib_a-lseekr.o)
 .debug_frame   0x0000000000000ad0       0x28 /home/scallozzo/.platformio/packages/toolchain-gccarmnoneeabi@1.70201.0/bin/../lib/gcc/arm-none-eabi/7.2.1/../../../../arm-none-eabi/lib/thumb/v7-m/libc_nano.a(lib_a-memchr-stub.o)
 .debug_frame   0x0000000000000af8       0x28 /home/scallozzo/.platformio/packages/toolchain-gccarmnoneeabi@1.70201.0/bin/../lib/gcc/arm-none-eabi/7.2.1/../../../../arm-none-eabi/lib/thumb/v7-m/libc_nano.a(lib_a-memmove.o)
 .debug_frame   0x0000000000000b20       0x30 /home/scallozzo/.platformio/packages/toolchain-gccarmnoneeabi@1.70201.0/bin/../lib/gcc/arm-none-eabi/7.2.1/../../../../arm-none-eabi/lib/thumb/v7-m/libc_nano.a(lib_a-mlock.o)